device: Radeon 8060S Graphics (RADV STRIX_HALO) [0000:c1:00.0]
cooperative matrix: KHR f16acc=yes f32acc=yes shape=16x16x16 subgroup=64
{"type":"weights","layer":0,"experts":32,"source_expert_stride":16,"source_expert_offset":0,"gate_fnv64":"8ab0af17a02637f1","up_fnv64":"d145a3b96c11a8cb","packed_bytes_per_matrix":36044800,"same_size":true,"roundtrip":"PASS"}
{"type":"cell","layer":0,"active_experts":32,"pairs_per_expert":1,"q_scale":1.00,"tokens":32,"mode":"baseline","order":0,"gpu_us":965.294071,"bit_mismatches":0,"nonfinite":0,"padding_changes":0,"fp64_misses":0,"fp64_max_abs":1.26258888e-09,"result":"PASS"}
{"type":"cell","layer":0,"active_experts":32,"pairs_per_expert":1,"q_scale":1.00,"tokens":32,"mode":"words","order":1,"gpu_us":1139.905835,"bit_mismatches":0,"nonfinite":0,"padding_changes":0,"fp64_misses":0,"fp64_max_abs":1.26258888e-09,"result":"PASS"}
{"type":"cell","layer":0,"active_experts":32,"pairs_per_expert":1,"q_scale":1.00,"tokens":32,"mode":"soa","order":2,"gpu_us":788.548251,"bit_mismatches":0,"nonfinite":0,"padding_changes":0,"fp64_misses":0,"fp64_max_abs":1.26258888e-09,"result":"PASS"}
{"type":"cell","layer":0,"active_experts":32,"pairs_per_expert":1,"q_scale":1.00,"tokens":32,"mode":"soa","order":3,"gpu_us":790.592135,"bit_mismatches":0,"nonfinite":0,"padding_changes":0,"fp64_misses":0,"fp64_max_abs":1.26258888e-09,"result":"PASS"}
{"type":"cell","layer":0,"active_experts":32,"pairs_per_expert":1,"q_scale":1.00,"tokens":32,"mode":"words","order":4,"gpu_us":1132.942605,"bit_mismatches":0,"nonfinite":0,"padding_changes":0,"fp64_misses":0,"fp64_max_abs":1.26258888e-09,"result":"PASS"}
{"type":"cell","layer":0,"active_experts":32,"pairs_per_expert":1,"q_scale":1.00,"tokens":32,"mode":"baseline","order":5,"gpu_us":947.460186,"bit_mismatches":0,"nonfinite":0,"padding_changes":0,"fp64_misses":0,"fp64_max_abs":1.26258888e-09,"result":"PASS"}
{"type":"cell","layer":0,"active_experts":32,"pairs_per_expert":8,"q_scale":1.00,"tokens":256,"mode":"baseline","order":0,"gpu_us":1014.217025,"bit_mismatches":0,"nonfinite":0,"padding_changes":0,"fp64_misses":0,"fp64_max_abs":4.95112368e-09,"result":"PASS"}
{"type":"cell","layer":0,"active_experts":32,"pairs_per_expert":8,"q_scale":1.00,"tokens":256,"mode":"words","order":1,"gpu_us":1192.776290,"bit_mismatches":0,"nonfinite":0,"padding_changes":0,"fp64_misses":0,"fp64_max_abs":4.95112368e-09,"result":"PASS"}
{"type":"cell","layer":0,"active_experts":32,"pairs_per_expert":8,"q_scale":1.00,"tokens":256,"mode":"soa","order":2,"gpu_us":846.959233,"bit_mismatches":0,"nonfinite":0,"padding_changes":0,"fp64_misses":0,"fp64_max_abs":4.95112368e-09,"result":"PASS"}
{"type":"cell","layer":0,"active_experts":32,"pairs_per_expert":8,"q_scale":1.00,"tokens":256,"mode":"soa","order":3,"gpu_us":860.655256,"bit_mismatches":0,"nonfinite":0,"padding_changes":0,"fp64_misses":0,"fp64_max_abs":4.95112368e-09,"result":"PASS"}
{"type":"cell","layer":0,"active_experts":32,"pairs_per_expert":8,"q_scale":1.00,"tokens":256,"mode":"words","order":4,"gpu_us":1191.584024,"bit_mismatches":0,"nonfinite":0,"padding_changes":0,"fp64_misses":0,"fp64_max_abs":4.95112368e-09,"result":"PASS"}
{"type":"cell","layer":0,"active_experts":32,"pairs_per_expert":8,"q_scale":1.00,"tokens":256,"mode":"baseline","order":5,"gpu_us":1008.055318,"bit_mismatches":0,"nonfinite":0,"padding_changes":0,"fp64_misses":0,"fp64_max_abs":4.95112368e-09,"result":"PASS"}
{"type":"cell","layer":0,"active_experts":32,"pairs_per_expert":16,"q_scale":1.00,"tokens":512,"mode":"baseline","order":0,"gpu_us":1089.319721,"bit_mismatches":0,"nonfinite":0,"padding_changes":0,"fp64_misses":0,"fp64_max_abs":1.85103172e-09,"result":"PASS"}
{"type":"cell","layer":0,"active_experts":32,"pairs_per_expert":16,"q_scale":1.00,"tokens":512,"mode":"words","order":1,"gpu_us":1269.361803,"bit_mismatches":0,"nonfinite":0,"padding_changes":0,"fp64_misses":0,"fp64_max_abs":1.85103172e-09,"result":"PASS"}
{"type":"cell","layer":0,"active_experts":32,"pairs_per_expert":16,"q_scale":1.00,"tokens":512,"mode":"soa","order":2,"gpu_us":1013.675997,"bit_mismatches":0,"nonfinite":0,"padding_changes":0,"fp64_misses":0,"fp64_max_abs":1.85103172e-09,"result":"PASS"}
{"type":"cell","layer":0,"active_experts":32,"pairs_per_expert":16,"q_scale":1.00,"tokens":512,"mode":"soa","order":3,"gpu_us":1029.566189,"bit_mismatches":0,"nonfinite":0,"padding_changes":0,"fp64_misses":0,"fp64_max_abs":1.85103172e-09,"result":"PASS"}
{"type":"cell","layer":0,"active_experts":32,"pairs_per_expert":16,"q_scale":1.00,"tokens":512,"mode":"words","order":4,"gpu_us":1272.828390,"bit_mismatches":0,"nonfinite":0,"padding_changes":0,"fp64_misses":0,"fp64_max_abs":1.85103172e-09,"result":"PASS"}
{"type":"cell","layer":0,"active_experts":32,"pairs_per_expert":16,"q_scale":1.00,"tokens":512,"mode":"baseline","order":5,"gpu_us":1108.656461,"bit_mismatches":0,"nonfinite":0,"padding_changes":0,"fp64_misses":0,"fp64_max_abs":1.85103172e-09,"result":"PASS"}
{"type":"cell","layer":0,"active_experts":32,"pairs_per_expert":17,"q_scale":1.00,"tokens":544,"mode":"baseline","order":0,"gpu_us":1897.264827,"bit_mismatches":0,"nonfinite":0,"padding_changes":0,"fp64_misses":0,"fp64_max_abs":2.36495522e-09,"result":"PASS"}
{"type":"cell","layer":0,"active_experts":32,"pairs_per_expert":17,"q_scale":1.00,"tokens":544,"mode":"words","order":1,"gpu_us":2235.767987,"bit_mismatches":0,"nonfinite":0,"padding_changes":0,"fp64_misses":0,"fp64_max_abs":2.36495522e-09,"result":"PASS"}
{"type":"cell","layer":0,"active_experts":32,"pairs_per_expert":17,"q_scale":1.00,"tokens":544,"mode":"soa","order":2,"gpu_us":1769.962952,"bit_mismatches":0,"nonfinite":0,"padding_changes":0,"fp64_misses":0,"fp64_max_abs":2.36495522e-09,"result":"PASS"}
{"type":"cell","layer":0,"active_experts":32,"pairs_per_expert":17,"q_scale":1.00,"tokens":544,"mode":"soa","order":3,"gpu_us":1739.915862,"bit_mismatches":0,"nonfinite":0,"padding_changes":0,"fp64_misses":0,"fp64_max_abs":2.36495522e-09,"result":"PASS"}
{"type":"cell","layer":0,"active_experts":32,"pairs_per_expert":17,"q_scale":1.00,"tokens":544,"mode":"words","order":4,"gpu_us":2255.074670,"bit_mismatches":0,"nonfinite":0,"padding_changes":0,"fp64_misses":0,"fp64_max_abs":2.36495522e-09,"result":"PASS"}
{"type":"cell","layer":0,"active_experts":32,"pairs_per_expert":17,"q_scale":1.00,"tokens":544,"mode":"baseline","order":5,"gpu_us":1865.634729,"bit_mismatches":0,"nonfinite":0,"padding_changes":0,"fp64_misses":0,"fp64_max_abs":2.36495522e-09,"result":"PASS"}
{"type":"cell","layer":0,"active_experts":1,"pairs_per_expert":64,"q_scale":8.00,"tokens":64,"mode":"baseline","order":0,"gpu_us":693.587825,"bit_mismatches":0,"nonfinite":0,"padding_changes":0,"fp64_misses":0,"fp64_max_abs":1.04345772e-07,"result":"PASS"}
{"type":"cell","layer":0,"active_experts":1,"pairs_per_expert":64,"q_scale":8.00,"tokens":64,"mode":"words","order":1,"gpu_us":903.927473,"bit_mismatches":0,"nonfinite":0,"padding_changes":0,"fp64_misses":0,"fp64_max_abs":1.04345772e-07,"result":"PASS"}
{"type":"cell","layer":0,"active_experts":1,"pairs_per_expert":64,"q_scale":8.00,"tokens":64,"mode":"soa","order":2,"gpu_us":739.264612,"bit_mismatches":0,"nonfinite":0,"padding_changes":0,"fp64_misses":0,"fp64_max_abs":1.04345772e-07,"result":"PASS"}
{"type":"cell","layer":0,"active_experts":1,"pairs_per_expert":64,"q_scale":8.00,"tokens":64,"mode":"soa","order":3,"gpu_us":739.915849,"bit_mismatches":0,"nonfinite":0,"padding_changes":0,"fp64_misses":0,"fp64_max_abs":1.04345772e-07,"result":"PASS"}
{"type":"cell","layer":0,"active_experts":1,"pairs_per_expert":64,"q_scale":8.00,"tokens":64,"mode":"words","order":4,"gpu_us":907.003318,"bit_mismatches":0,"nonfinite":0,"padding_changes":0,"fp64_misses":0,"fp64_max_abs":1.04345772e-07,"result":"PASS"}
{"type":"cell","layer":0,"active_experts":1,"pairs_per_expert":64,"q_scale":8.00,"tokens":64,"mode":"baseline","order":5,"gpu_us":701.633112,"bit_mismatches":0,"nonfinite":0,"padding_changes":0,"fp64_misses":0,"fp64_max_abs":1.04345772e-07,"result":"PASS"}
{"type":"cell","layer":0,"active_experts":16,"pairs_per_expert":3,"q_scale":0.25,"tokens":48,"mode":"baseline","order":0,"gpu_us":462.138068,"bit_mismatches":0,"nonfinite":0,"padding_changes":0,"fp64_misses":0,"fp64_max_abs":2.73688088e-10,"result":"PASS"}
{"type":"cell","layer":0,"active_experts":16,"pairs_per_expert":3,"q_scale":0.25,"tokens":48,"mode":"words","order":1,"gpu_us":560.715366,"bit_mismatches":0,"nonfinite":0,"padding_changes":0,"fp64_misses":0,"fp64_max_abs":2.73688088e-10,"result":"PASS"}
{"type":"cell","layer":0,"active_experts":16,"pairs_per_expert":3,"q_scale":0.25,"tokens":48,"mode":"soa","order":2,"gpu_us":390.291559,"bit_mismatches":0,"nonfinite":0,"padding_changes":0,"fp64_misses":0,"fp64_max_abs":2.73688088e-10,"result":"PASS"}
{"type":"cell","layer":0,"active_experts":16,"pairs_per_expert":3,"q_scale":0.25,"tokens":48,"mode":"soa","order":3,"gpu_us":389.590226,"bit_mismatches":0,"nonfinite":0,"padding_changes":0,"fp64_misses":0,"fp64_max_abs":2.73688088e-10,"result":"PASS"}
{"type":"cell","layer":0,"active_experts":16,"pairs_per_expert":3,"q_scale":0.25,"tokens":48,"mode":"words","order":4,"gpu_us":559.993996,"bit_mismatches":0,"nonfinite":0,"padding_changes":0,"fp64_misses":0,"fp64_max_abs":2.73688088e-10,"result":"PASS"}
{"type":"cell","layer":0,"active_experts":16,"pairs_per_expert":3,"q_scale":0.25,"tokens":48,"mode":"baseline","order":5,"gpu_us":465.163817,"bit_mismatches":0,"nonfinite":0,"padding_changes":0,"fp64_misses":0,"fp64_max_abs":2.73688088e-10,"result":"PASS"}
{"type":"weights","layer":47,"experts":32,"source_expert_stride":16,"source_expert_offset":15,"gate_fnv64":"fdcd4438bc5c93b4","up_fnv64":"a7fac203aa7d1bbd","packed_bytes_per_matrix":36044800,"same_size":true,"roundtrip":"PASS"}
{"type":"cell","layer":47,"active_experts":32,"pairs_per_expert":1,"q_scale":1.00,"tokens":32,"mode":"baseline","order":0,"gpu_us":965.985384,"bit_mismatches":0,"nonfinite":0,"padding_changes":0,"fp64_misses":0,"fp64_max_abs":4.99894431e-10,"result":"PASS"}
{"type":"cell","layer":47,"active_experts":32,"pairs_per_expert":1,"q_scale":1.00,"tokens":32,"mode":"words","order":1,"gpu_us":1134.966450,"bit_mismatches":0,"nonfinite":0,"padding_changes":0,"fp64_misses":0,"fp64_max_abs":4.99894431e-10,"result":"PASS"}
{"type":"cell","layer":47,"active_experts":32,"pairs_per_expert":1,"q_scale":1.00,"tokens":32,"mode":"soa","order":2,"gpu_us":791.213315,"bit_mismatches":0,"nonfinite":0,"padding_changes":0,"fp64_misses":0,"fp64_max_abs":4.99894431e-10,"result":"PASS"}
{"type":"cell","layer":47,"active_experts":32,"pairs_per_expert":1,"q_scale":1.00,"tokens":32,"mode":"soa","order":3,"gpu_us":795.551558,"bit_mismatches":0,"nonfinite":0,"padding_changes":0,"fp64_misses":0,"fp64_max_abs":4.99894431e-10,"result":"PASS"}
{"type":"cell","layer":47,"active_experts":32,"pairs_per_expert":1,"q_scale":1.00,"tokens":32,"mode":"words","order":4,"gpu_us":1136.860048,"bit_mismatches":0,"nonfinite":0,"padding_changes":0,"fp64_misses":0,"fp64_max_abs":4.99894431e-10,"result":"PASS"}
{"type":"cell","layer":47,"active_experts":32,"pairs_per_expert":1,"q_scale":1.00,"tokens":32,"mode":"baseline","order":5,"gpu_us":954.042693,"bit_mismatches":0,"nonfinite":0,"padding_changes":0,"fp64_misses":0,"fp64_max_abs":4.99894431e-10,"result":"PASS"}
{"type":"cell","layer":47,"active_experts":32,"pairs_per_expert":8,"q_scale":1.00,"tokens":256,"mode":"baseline","order":0,"gpu_us":1015.800033,"bit_mismatches":0,"nonfinite":0,"padding_changes":0,"fp64_misses":0,"fp64_max_abs":2.44944157e-09,"result":"PASS"}
{"type":"cell","layer":47,"active_experts":32,"pairs_per_expert":8,"q_scale":1.00,"tokens":256,"mode":"words","order":1,"gpu_us":1207.023359,"bit_mismatches":0,"nonfinite":0,"padding_changes":0,"fp64_misses":0,"fp64_max_abs":2.44944157e-09,"result":"PASS"}
{"type":"cell","layer":47,"active_experts":32,"pairs_per_expert":8,"q_scale":1.00,"tokens":256,"mode":"soa","order":2,"gpu_us":867.357991,"bit_mismatches":0,"nonfinite":0,"padding_changes":0,"fp64_misses":0,"fp64_max_abs":2.44944157e-09,"result":"PASS"}
{"type":"cell","layer":47,"active_experts":32,"pairs_per_expert":8,"q_scale":1.00,"tokens":256,"mode":"soa","order":3,"gpu_us":848.361898,"bit_mismatches":0,"nonfinite":0,"padding_changes":0,"fp64_misses":0,"fp64_max_abs":2.44944157e-09,"result":"PASS"}
{"type":"cell","layer":47,"active_experts":32,"pairs_per_expert":8,"q_scale":1.00,"tokens":256,"mode":"words","order":4,"gpu_us":1202.073955,"bit_mismatches":0,"nonfinite":0,"padding_changes":0,"fp64_misses":0,"fp64_max_abs":2.44944157e-09,"result":"PASS"}
{"type":"cell","layer":47,"active_experts":32,"pairs_per_expert":8,"q_scale":1.00,"tokens":256,"mode":"baseline","order":5,"gpu_us":1014.036682,"bit_mismatches":0,"nonfinite":0,"padding_changes":0,"fp64_misses":0,"fp64_max_abs":2.44944157e-09,"result":"PASS"}
{"type":"cell","layer":47,"active_experts":32,"pairs_per_expert":16,"q_scale":1.00,"tokens":512,"mode":"baseline","order":0,"gpu_us":1096.262913,"bit_mismatches":0,"nonfinite":0,"padding_changes":0,"fp64_misses":0,"fp64_max_abs":2.17526427e-09,"result":"PASS"}
{"type":"cell","layer":47,"active_experts":32,"pairs_per_expert":16,"q_scale":1.00,"tokens":512,"mode":"words","order":1,"gpu_us":1280.312610,"bit_mismatches":0,"nonfinite":0,"padding_changes":0,"fp64_misses":0,"fp64_max_abs":2.17526427e-09,"result":"PASS"}
{"type":"cell","layer":47,"active_experts":32,"pairs_per_expert":16,"q_scale":1.00,"tokens":512,"mode":"soa","order":2,"gpu_us":1051.908639,"bit_mismatches":0,"nonfinite":0,"padding_changes":0,"fp64_misses":0,"fp64_max_abs":2.17526427e-09,"result":"PASS"}
{"type":"cell","layer":47,"active_experts":32,"pairs_per_expert":16,"q_scale":1.00,"tokens":512,"mode":"soa","order":3,"gpu_us":1064.151902,"bit_mismatches":0,"nonfinite":0,"padding_changes":0,"fp64_misses":0,"fp64_max_abs":2.17526427e-09,"result":"PASS"}
{"type":"cell","layer":47,"active_experts":32,"pairs_per_expert":16,"q_scale":1.00,"tokens":512,"mode":"words","order":4,"gpu_us":1274.912349,"bit_mismatches":0,"nonfinite":0,"padding_changes":0,"fp64_misses":0,"fp64_max_abs":2.17526427e-09,"result":"PASS"}
{"type":"cell","layer":47,"active_experts":32,"pairs_per_expert":16,"q_scale":1.00,"tokens":512,"mode":"baseline","order":5,"gpu_us":1096.753846,"bit_mismatches":0,"nonfinite":0,"padding_changes":0,"fp64_misses":0,"fp64_max_abs":2.17526427e-09,"result":"PASS"}
{"type":"cell","layer":47,"active_experts":32,"pairs_per_expert":17,"q_scale":1.00,"tokens":544,"mode":"baseline","order":0,"gpu_us":1930.267532,"bit_mismatches":0,"nonfinite":0,"padding_changes":0,"fp64_misses":0,"fp64_max_abs":9.86992685e-10,"result":"PASS"}
{"type":"cell","layer":47,"active_experts":32,"pairs_per_expert":17,"q_scale":1.00,"tokens":544,"mode":"words","order":1,"gpu_us":2235.317130,"bit_mismatches":0,"nonfinite":0,"padding_changes":0,"fp64_misses":0,"fp64_max_abs":9.86992685e-10,"result":"PASS"}
{"type":"cell","layer":47,"active_experts":32,"pairs_per_expert":17,"q_scale":1.00,"tokens":544,"mode":"soa","order":2,"gpu_us":1746.498369,"bit_mismatches":0,"nonfinite":0,"padding_changes":0,"fp64_misses":0,"fp64_max_abs":9.86992685e-10,"result":"PASS"}
{"type":"cell","layer":47,"active_experts":32,"pairs_per_expert":17,"q_scale":1.00,"tokens":544,"mode":"soa","order":3,"gpu_us":1730.688329,"bit_mismatches":0,"nonfinite":0,"padding_changes":0,"fp64_misses":0,"fp64_max_abs":9.86992685e-10,"result":"PASS"}
{"type":"cell","layer":47,"active_experts":32,"pairs_per_expert":17,"q_scale":1.00,"tokens":544,"mode":"words","order":4,"gpu_us":2229.215537,"bit_mismatches":0,"nonfinite":0,"padding_changes":0,"fp64_misses":0,"fp64_max_abs":9.86992685e-10,"result":"PASS"}
{"type":"cell","layer":47,"active_experts":32,"pairs_per_expert":17,"q_scale":1.00,"tokens":544,"mode":"baseline","order":5,"gpu_us":1868.259717,"bit_mismatches":0,"nonfinite":0,"padding_changes":0,"fp64_misses":0,"fp64_max_abs":9.86992685e-10,"result":"PASS"}
{"type":"cell","layer":47,"active_experts":1,"pairs_per_expert":64,"q_scale":8.00,"tokens":64,"mode":"baseline","order":0,"gpu_us":697.645535,"bit_mismatches":0,"nonfinite":0,"padding_changes":0,"fp64_misses":0,"fp64_max_abs":4.30612885e-08,"result":"PASS"}
{"type":"cell","layer":47,"active_experts":1,"pairs_per_expert":64,"q_scale":8.00,"tokens":64,"mode":"words","order":1,"gpu_us":902.083971,"bit_mismatches":0,"nonfinite":0,"padding_changes":0,"fp64_misses":0,"fp64_max_abs":4.30612885e-08,"result":"PASS"}
{"type":"cell","layer":47,"active_experts":1,"pairs_per_expert":64,"q_scale":8.00,"tokens":64,"mode":"soa","order":2,"gpu_us":739.174441,"bit_mismatches":0,"nonfinite":0,"padding_changes":0,"fp64_misses":0,"fp64_max_abs":4.30612885e-08,"result":"PASS"}
{"type":"cell","layer":47,"active_experts":1,"pairs_per_expert":64,"q_scale":8.00,"tokens":64,"mode":"soa","order":3,"gpu_us":740.807544,"bit_mismatches":0,"nonfinite":0,"padding_changes":0,"fp64_misses":0,"fp64_max_abs":4.30612885e-08,"result":"PASS"}
{"type":"cell","layer":47,"active_experts":1,"pairs_per_expert":64,"q_scale":8.00,"tokens":64,"mode":"words","order":4,"gpu_us":900.621191,"bit_mismatches":0,"nonfinite":0,"padding_changes":0,"fp64_misses":0,"fp64_max_abs":4.30612885e-08,"result":"PASS"}
{"type":"cell","layer":47,"active_experts":1,"pairs_per_expert":64,"q_scale":8.00,"tokens":64,"mode":"baseline","order":5,"gpu_us":697.575402,"bit_mismatches":0,"nonfinite":0,"padding_changes":0,"fp64_misses":0,"fp64_max_abs":4.30612885e-08,"result":"PASS"}
{"type":"cell","layer":47,"active_experts":16,"pairs_per_expert":3,"q_scale":0.25,"tokens":48,"mode":"baseline","order":0,"gpu_us":466.887091,"bit_mismatches":0,"nonfinite":0,"padding_changes":0,"fp64_misses":0,"fp64_max_abs":2.79143951e-10,"result":"PASS"}
{"type":"cell","layer":47,"active_experts":16,"pairs_per_expert":3,"q_scale":0.25,"tokens":48,"mode":"words","order":1,"gpu_us":556.317009,"bit_mismatches":0,"nonfinite":0,"padding_changes":0,"fp64_misses":0,"fp64_max_abs":2.79143951e-10,"result":"PASS"}
{"type":"cell","layer":47,"active_experts":16,"pairs_per_expert":3,"q_scale":0.25,"tokens":48,"mode":"soa","order":2,"gpu_us":389.520093,"bit_mismatches":0,"nonfinite":0,"padding_changes":0,"fp64_misses":0,"fp64_max_abs":2.79143951e-10,"result":"PASS"}
{"type":"cell","layer":47,"active_experts":16,"pairs_per_expert":3,"q_scale":0.25,"tokens":48,"mode":"soa","order":3,"gpu_us":389.209503,"bit_mismatches":0,"nonfinite":0,"padding_changes":0,"fp64_misses":0,"fp64_max_abs":2.79143951e-10,"result":"PASS"}
{"type":"cell","layer":47,"active_experts":16,"pairs_per_expert":3,"q_scale":0.25,"tokens":48,"mode":"words","order":4,"gpu_us":558.521197,"bit_mismatches":0,"nonfinite":0,"padding_changes":0,"fp64_misses":0,"fp64_max_abs":2.79143951e-10,"result":"PASS"}
{"type":"cell","layer":47,"active_experts":16,"pairs_per_expert":3,"q_scale":0.25,"tokens":48,"mode":"baseline","order":5,"gpu_us":466.386139,"bit_mismatches":0,"nonfinite":0,"padding_changes":0,"fp64_misses":0,"fp64_max_abs":2.79143951e-10,"result":"PASS"}
{"type":"result","result":"PASS","cells":72,"full_model":false}
