device: Radeon 8060S Graphics (RADV STRIX_HALO) [0000:c1:00.0]
cooperative matrix: KHR f16acc=yes f32acc=yes shape=16x16x16 subgroup=64
{"type":"weights","layer":0,"experts":32,"source_expert_stride":16,"source_expert_offset":0,"gate_fnv64":"8ab0af17a02637f1","up_fnv64":"d145a3b96c11a8cb","packed_bytes_per_matrix":36044800,"same_size":true,"roundtrip":"PASS"}
{"type":"cell","layer":0,"active_experts":32,"pairs_per_expert":1,"q_scale":1.00,"tokens":32,"mode":"baseline","order":0,"gpu_us":966.806945,"bit_mismatches":0,"nonfinite":0,"padding_changes":0,"fp64_misses":0,"fp64_max_abs":1.26258888e-09,"result":"PASS"}
{"type":"cell","layer":0,"active_experts":32,"pairs_per_expert":1,"q_scale":1.00,"tokens":32,"mode":"soa","order":1,"gpu_us":793.708055,"bit_mismatches":0,"nonfinite":0,"padding_changes":0,"fp64_misses":0,"fp64_max_abs":1.26258888e-09,"result":"PASS"}
{"type":"cell","layer":0,"active_experts":32,"pairs_per_expert":1,"q_scale":1.00,"tokens":32,"mode":"split","order":2,"gpu_us":804.448462,"bit_mismatches":0,"nonfinite":0,"padding_changes":0,"fp64_misses":0,"fp64_max_abs":1.26258888e-09,"result":"PASS"}
{"type":"cell","layer":0,"active_experts":32,"pairs_per_expert":1,"q_scale":1.00,"tokens":32,"mode":"split","order":3,"gpu_us":793.387446,"bit_mismatches":0,"nonfinite":0,"padding_changes":0,"fp64_misses":0,"fp64_max_abs":1.26258888e-09,"result":"PASS"}
{"type":"cell","layer":0,"active_experts":32,"pairs_per_expert":1,"q_scale":1.00,"tokens":32,"mode":"soa","order":4,"gpu_us":797.194680,"bit_mismatches":0,"nonfinite":0,"padding_changes":0,"fp64_misses":0,"fp64_max_abs":1.26258888e-09,"result":"PASS"}
{"type":"cell","layer":0,"active_experts":32,"pairs_per_expert":1,"q_scale":1.00,"tokens":32,"mode":"baseline","order":5,"gpu_us":955.395263,"bit_mismatches":0,"nonfinite":0,"padding_changes":0,"fp64_misses":0,"fp64_max_abs":1.26258888e-09,"result":"PASS"}
{"type":"cell","layer":0,"active_experts":32,"pairs_per_expert":8,"q_scale":1.00,"tokens":256,"mode":"baseline","order":0,"gpu_us":1013.004722,"bit_mismatches":0,"nonfinite":0,"padding_changes":0,"fp64_misses":0,"fp64_max_abs":4.95112368e-09,"result":"PASS"}
{"type":"cell","layer":0,"active_experts":32,"pairs_per_expert":8,"q_scale":1.00,"tokens":256,"mode":"soa","order":1,"gpu_us":860.414799,"bit_mismatches":0,"nonfinite":0,"padding_changes":0,"fp64_misses":0,"fp64_max_abs":4.95112368e-09,"result":"PASS"}
{"type":"cell","layer":0,"active_experts":32,"pairs_per_expert":8,"q_scale":1.00,"tokens":256,"mode":"split","order":2,"gpu_us":858.711563,"bit_mismatches":0,"nonfinite":0,"padding_changes":0,"fp64_misses":0,"fp64_max_abs":4.95112368e-09,"result":"PASS"}
{"type":"cell","layer":0,"active_experts":32,"pairs_per_expert":8,"q_scale":1.00,"tokens":256,"mode":"split","order":3,"gpu_us":852.569893,"bit_mismatches":0,"nonfinite":0,"padding_changes":0,"fp64_misses":0,"fp64_max_abs":4.95112368e-09,"result":"PASS"}
{"type":"cell","layer":0,"active_experts":32,"pairs_per_expert":8,"q_scale":1.00,"tokens":256,"mode":"soa","order":4,"gpu_us":848.041289,"bit_mismatches":0,"nonfinite":0,"padding_changes":0,"fp64_misses":0,"fp64_max_abs":4.95112368e-09,"result":"PASS"}
{"type":"cell","layer":0,"active_experts":32,"pairs_per_expert":8,"q_scale":1.00,"tokens":256,"mode":"baseline","order":5,"gpu_us":1017.062431,"bit_mismatches":0,"nonfinite":0,"padding_changes":0,"fp64_misses":0,"fp64_max_abs":4.95112368e-09,"result":"PASS"}
{"type":"cell","layer":0,"active_experts":32,"pairs_per_expert":16,"q_scale":1.00,"tokens":512,"mode":"baseline","order":0,"gpu_us":1091.884594,"bit_mismatches":0,"nonfinite":0,"padding_changes":0,"fp64_misses":0,"fp64_max_abs":1.85103172e-09,"result":"PASS"}
{"type":"cell","layer":0,"active_experts":32,"pairs_per_expert":16,"q_scale":1.00,"tokens":512,"mode":"soa","order":1,"gpu_us":1026.380135,"bit_mismatches":0,"nonfinite":0,"padding_changes":0,"fp64_misses":0,"fp64_max_abs":1.85103172e-09,"result":"PASS"}
{"type":"cell","layer":0,"active_experts":32,"pairs_per_expert":16,"q_scale":1.00,"tokens":512,"mode":"split","order":2,"gpu_us":1024.967451,"bit_mismatches":0,"nonfinite":0,"padding_changes":0,"fp64_misses":0,"fp64_max_abs":1.85103172e-09,"result":"PASS"}
{"type":"cell","layer":0,"active_experts":32,"pairs_per_expert":16,"q_scale":1.00,"tokens":512,"mode":"split","order":3,"gpu_us":1039.685415,"bit_mismatches":0,"nonfinite":0,"padding_changes":0,"fp64_misses":0,"fp64_max_abs":1.85103172e-09,"result":"PASS"}
{"type":"cell","layer":0,"active_experts":32,"pairs_per_expert":16,"q_scale":1.00,"tokens":512,"mode":"soa","order":4,"gpu_us":1072.367512,"bit_mismatches":0,"nonfinite":0,"padding_changes":0,"fp64_misses":0,"fp64_max_abs":1.85103172e-09,"result":"PASS"}
{"type":"cell","layer":0,"active_experts":32,"pairs_per_expert":16,"q_scale":1.00,"tokens":512,"mode":"baseline","order":5,"gpu_us":1087.456180,"bit_mismatches":0,"nonfinite":0,"padding_changes":0,"fp64_misses":0,"fp64_max_abs":1.85103172e-09,"result":"PASS"}
{"type":"cell","layer":0,"active_experts":32,"pairs_per_expert":17,"q_scale":1.00,"tokens":544,"mode":"baseline","order":0,"gpu_us":1855.926283,"bit_mismatches":0,"nonfinite":0,"padding_changes":0,"fp64_misses":0,"fp64_max_abs":2.36495522e-09,"result":"PASS"}
{"type":"cell","layer":0,"active_experts":32,"pairs_per_expert":17,"q_scale":1.00,"tokens":544,"mode":"soa","order":1,"gpu_us":1727.572409,"bit_mismatches":0,"nonfinite":0,"padding_changes":0,"fp64_misses":0,"fp64_max_abs":2.36495522e-09,"result":"PASS"}
{"type":"cell","layer":0,"active_experts":32,"pairs_per_expert":17,"q_scale":1.00,"tokens":544,"mode":"split","order":2,"gpu_us":1833.964555,"bit_mismatches":0,"nonfinite":0,"padding_changes":0,"fp64_misses":0,"fp64_max_abs":2.36495522e-09,"result":"PASS"}
{"type":"cell","layer":0,"active_experts":32,"pairs_per_expert":17,"q_scale":1.00,"tokens":544,"mode":"split","order":3,"gpu_us":1814.337263,"bit_mismatches":0,"nonfinite":0,"padding_changes":0,"fp64_misses":0,"fp64_max_abs":2.36495522e-09,"result":"PASS"}
{"type":"cell","layer":0,"active_experts":32,"pairs_per_expert":17,"q_scale":1.00,"tokens":544,"mode":"soa","order":4,"gpu_us":1741.017956,"bit_mismatches":0,"nonfinite":0,"padding_changes":0,"fp64_misses":0,"fp64_max_abs":2.36495522e-09,"result":"PASS"}
{"type":"cell","layer":0,"active_experts":32,"pairs_per_expert":17,"q_scale":1.00,"tokens":544,"mode":"baseline","order":5,"gpu_us":1896.884103,"bit_mismatches":0,"nonfinite":0,"padding_changes":0,"fp64_misses":0,"fp64_max_abs":2.36495522e-09,"result":"PASS"}
{"type":"cell","layer":0,"active_experts":1,"pairs_per_expert":64,"q_scale":8.00,"tokens":64,"mode":"baseline","order":0,"gpu_us":695.862147,"bit_mismatches":0,"nonfinite":0,"padding_changes":0,"fp64_misses":0,"fp64_max_abs":1.04345772e-07,"result":"PASS"}
{"type":"cell","layer":0,"active_experts":1,"pairs_per_expert":64,"q_scale":8.00,"tokens":64,"mode":"soa","order":1,"gpu_us":740.426820,"bit_mismatches":0,"nonfinite":0,"padding_changes":0,"fp64_misses":0,"fp64_max_abs":1.04345772e-07,"result":"PASS"}
{"type":"cell","layer":0,"active_experts":1,"pairs_per_expert":64,"q_scale":8.00,"tokens":64,"mode":"split","order":2,"gpu_us":189.039177,"bit_mismatches":0,"nonfinite":0,"padding_changes":0,"fp64_misses":0,"fp64_max_abs":1.04345772e-07,"result":"PASS"}
{"type":"cell","layer":0,"active_experts":1,"pairs_per_expert":64,"q_scale":8.00,"tokens":64,"mode":"split","order":3,"gpu_us":189.870757,"bit_mismatches":0,"nonfinite":0,"padding_changes":0,"fp64_misses":0,"fp64_max_abs":1.04345772e-07,"result":"PASS"}
{"type":"cell","layer":0,"active_experts":1,"pairs_per_expert":64,"q_scale":8.00,"tokens":64,"mode":"soa","order":4,"gpu_us":739.705450,"bit_mismatches":0,"nonfinite":0,"padding_changes":0,"fp64_misses":0,"fp64_max_abs":1.04345772e-07,"result":"PASS"}
{"type":"cell","layer":0,"active_experts":1,"pairs_per_expert":64,"q_scale":8.00,"tokens":64,"mode":"baseline","order":5,"gpu_us":695.220928,"bit_mismatches":0,"nonfinite":0,"padding_changes":0,"fp64_misses":0,"fp64_max_abs":1.04345772e-07,"result":"PASS"}
{"type":"cell","layer":0,"active_experts":16,"pairs_per_expert":3,"q_scale":0.25,"tokens":48,"mode":"baseline","order":0,"gpu_us":464.292161,"bit_mismatches":0,"nonfinite":0,"padding_changes":0,"fp64_misses":0,"fp64_max_abs":2.73688088e-10,"result":"PASS"}
{"type":"cell","layer":0,"active_experts":16,"pairs_per_expert":3,"q_scale":0.25,"tokens":48,"mode":"soa","order":1,"gpu_us":390.331635,"bit_mismatches":0,"nonfinite":0,"padding_changes":0,"fp64_misses":0,"fp64_max_abs":2.73688088e-10,"result":"PASS"}
{"type":"cell","layer":0,"active_experts":16,"pairs_per_expert":3,"q_scale":0.25,"tokens":48,"mode":"split","order":2,"gpu_us":388.438037,"bit_mismatches":0,"nonfinite":0,"padding_changes":0,"fp64_misses":0,"fp64_max_abs":2.73688088e-10,"result":"PASS"}
{"type":"cell","layer":0,"active_experts":16,"pairs_per_expert":3,"q_scale":0.25,"tokens":48,"mode":"split","order":3,"gpu_us":390.872663,"bit_mismatches":0,"nonfinite":0,"padding_changes":0,"fp64_misses":0,"fp64_max_abs":2.73688088e-10,"result":"PASS"}
{"type":"cell","layer":0,"active_experts":16,"pairs_per_expert":3,"q_scale":0.25,"tokens":48,"mode":"soa","order":4,"gpu_us":392.585918,"bit_mismatches":0,"nonfinite":0,"padding_changes":0,"fp64_misses":0,"fp64_max_abs":2.73688088e-10,"result":"PASS"}
{"type":"cell","layer":0,"active_experts":16,"pairs_per_expert":3,"q_scale":0.25,"tokens":48,"mode":"baseline","order":5,"gpu_us":463.410486,"bit_mismatches":0,"nonfinite":0,"padding_changes":0,"fp64_misses":0,"fp64_max_abs":2.73688088e-10,"result":"PASS"}
{"type":"weights","layer":47,"experts":32,"source_expert_stride":16,"source_expert_offset":15,"gate_fnv64":"fdcd4438bc5c93b4","up_fnv64":"a7fac203aa7d1bbd","packed_bytes_per_matrix":36044800,"same_size":true,"roundtrip":"PASS"}
{"type":"cell","layer":47,"active_experts":32,"pairs_per_expert":1,"q_scale":1.00,"tokens":32,"mode":"baseline","order":0,"gpu_us":973.539738,"bit_mismatches":0,"nonfinite":0,"padding_changes":0,"fp64_misses":0,"fp64_max_abs":4.99894431e-10,"result":"PASS"}
{"type":"cell","layer":47,"active_experts":32,"pairs_per_expert":1,"q_scale":1.00,"tokens":32,"mode":"soa","order":1,"gpu_us":795.140777,"bit_mismatches":0,"nonfinite":0,"padding_changes":0,"fp64_misses":0,"fp64_max_abs":4.99894431e-10,"result":"PASS"}
{"type":"cell","layer":47,"active_experts":32,"pairs_per_expert":1,"q_scale":1.00,"tokens":32,"mode":"split","order":2,"gpu_us":796.563480,"bit_mismatches":0,"nonfinite":0,"padding_changes":0,"fp64_misses":0,"fp64_max_abs":4.99894431e-10,"result":"PASS"}
{"type":"cell","layer":47,"active_experts":32,"pairs_per_expert":1,"q_scale":1.00,"tokens":32,"mode":"split","order":3,"gpu_us":795.281044,"bit_mismatches":0,"nonfinite":0,"padding_changes":0,"fp64_misses":0,"fp64_max_abs":4.99894431e-10,"result":"PASS"}
{"type":"cell","layer":47,"active_experts":32,"pairs_per_expert":1,"q_scale":1.00,"tokens":32,"mode":"soa","order":4,"gpu_us":792.716171,"bit_mismatches":0,"nonfinite":0,"padding_changes":0,"fp64_misses":0,"fp64_max_abs":4.99894431e-10,"result":"PASS"}
{"type":"cell","layer":47,"active_experts":32,"pairs_per_expert":1,"q_scale":1.00,"tokens":32,"mode":"baseline","order":5,"gpu_us":957.419108,"bit_mismatches":0,"nonfinite":0,"padding_changes":0,"fp64_misses":0,"fp64_max_abs":4.99894431e-10,"result":"PASS"}
{"type":"cell","layer":47,"active_experts":32,"pairs_per_expert":8,"q_scale":1.00,"tokens":256,"mode":"baseline","order":0,"gpu_us":1013.074855,"bit_mismatches":0,"nonfinite":0,"padding_changes":0,"fp64_misses":0,"fp64_max_abs":2.44944157e-09,"result":"PASS"}
{"type":"cell","layer":47,"active_experts":32,"pairs_per_expert":8,"q_scale":1.00,"tokens":256,"mode":"soa","order":1,"gpu_us":860.925770,"bit_mismatches":0,"nonfinite":0,"padding_changes":0,"fp64_misses":0,"fp64_max_abs":2.44944157e-09,"result":"PASS"}
{"type":"cell","layer":47,"active_experts":32,"pairs_per_expert":8,"q_scale":1.00,"tokens":256,"mode":"split","order":2,"gpu_us":851.457780,"bit_mismatches":0,"nonfinite":0,"padding_changes":0,"fp64_misses":0,"fp64_max_abs":2.44944157e-09,"result":"PASS"}
{"type":"cell","layer":47,"active_experts":32,"pairs_per_expert":8,"q_scale":1.00,"tokens":256,"mode":"split","order":3,"gpu_us":854.934386,"bit_mismatches":0,"nonfinite":0,"padding_changes":0,"fp64_misses":0,"fp64_max_abs":2.44944157e-09,"result":"PASS"}
{"type":"cell","layer":47,"active_experts":32,"pairs_per_expert":8,"q_scale":1.00,"tokens":256,"mode":"soa","order":4,"gpu_us":854.483529,"bit_mismatches":0,"nonfinite":0,"padding_changes":0,"fp64_misses":0,"fp64_max_abs":2.44944157e-09,"result":"PASS"}
{"type":"cell","layer":47,"active_experts":32,"pairs_per_expert":8,"q_scale":1.00,"tokens":256,"mode":"baseline","order":5,"gpu_us":1015.830090,"bit_mismatches":0,"nonfinite":0,"padding_changes":0,"fp64_misses":0,"fp64_max_abs":2.44944157e-09,"result":"PASS"}
{"type":"cell","layer":47,"active_experts":32,"pairs_per_expert":16,"q_scale":1.00,"tokens":512,"mode":"baseline","order":0,"gpu_us":1084.650850,"bit_mismatches":0,"nonfinite":0,"padding_changes":0,"fp64_misses":0,"fp64_max_abs":2.17526427e-09,"result":"PASS"}
{"type":"cell","layer":47,"active_experts":32,"pairs_per_expert":16,"q_scale":1.00,"tokens":512,"mode":"soa","order":1,"gpu_us":1051.758354,"bit_mismatches":0,"nonfinite":0,"padding_changes":0,"fp64_misses":0,"fp64_max_abs":2.17526427e-09,"result":"PASS"}
{"type":"cell","layer":47,"active_experts":32,"pairs_per_expert":16,"q_scale":1.00,"tokens":512,"mode":"split","order":2,"gpu_us":1038.713569,"bit_mismatches":0,"nonfinite":0,"padding_changes":0,"fp64_misses":0,"fp64_max_abs":2.17526427e-09,"result":"PASS"}
{"type":"cell","layer":47,"active_experts":32,"pairs_per_expert":16,"q_scale":1.00,"tokens":512,"mode":"split","order":3,"gpu_us":1050.415803,"bit_mismatches":0,"nonfinite":0,"padding_changes":0,"fp64_misses":0,"fp64_max_abs":2.17526427e-09,"result":"PASS"}
{"type":"cell","layer":47,"active_experts":32,"pairs_per_expert":16,"q_scale":1.00,"tokens":512,"mode":"soa","order":4,"gpu_us":1023.815262,"bit_mismatches":0,"nonfinite":0,"padding_changes":0,"fp64_misses":0,"fp64_max_abs":2.17526427e-09,"result":"PASS"}
{"type":"cell","layer":47,"active_experts":32,"pairs_per_expert":16,"q_scale":1.00,"tokens":512,"mode":"baseline","order":5,"gpu_us":1093.477621,"bit_mismatches":0,"nonfinite":0,"padding_changes":0,"fp64_misses":0,"fp64_max_abs":2.17526427e-09,"result":"PASS"}
{"type":"cell","layer":47,"active_experts":32,"pairs_per_expert":17,"q_scale":1.00,"tokens":544,"mode":"baseline","order":0,"gpu_us":1857.689633,"bit_mismatches":0,"nonfinite":0,"padding_changes":0,"fp64_misses":0,"fp64_max_abs":9.86992685e-10,"result":"PASS"}
{"type":"cell","layer":47,"active_experts":32,"pairs_per_expert":17,"q_scale":1.00,"tokens":544,"mode":"soa","order":1,"gpu_us":1752.169143,"bit_mismatches":0,"nonfinite":0,"padding_changes":0,"fp64_misses":0,"fp64_max_abs":9.86992685e-10,"result":"PASS"}
{"type":"cell","layer":47,"active_experts":32,"pairs_per_expert":17,"q_scale":1.00,"tokens":544,"mode":"split","order":2,"gpu_us":1819.286667,"bit_mismatches":0,"nonfinite":0,"padding_changes":0,"fp64_misses":0,"fp64_max_abs":9.86992685e-10,"result":"PASS"}
{"type":"cell","layer":47,"active_experts":32,"pairs_per_expert":17,"q_scale":1.00,"tokens":544,"mode":"split","order":3,"gpu_us":1823.174053,"bit_mismatches":0,"nonfinite":0,"padding_changes":0,"fp64_misses":0,"fp64_max_abs":9.86992685e-10,"result":"PASS"}
{"type":"cell","layer":47,"active_experts":32,"pairs_per_expert":17,"q_scale":1.00,"tokens":544,"mode":"soa","order":4,"gpu_us":1738.473120,"bit_mismatches":0,"nonfinite":0,"padding_changes":0,"fp64_misses":0,"fp64_max_abs":9.86992685e-10,"result":"PASS"}
{"type":"cell","layer":47,"active_experts":32,"pairs_per_expert":17,"q_scale":1.00,"tokens":544,"mode":"baseline","order":5,"gpu_us":1864.312216,"bit_mismatches":0,"nonfinite":0,"padding_changes":0,"fp64_misses":0,"fp64_max_abs":9.86992685e-10,"result":"PASS"}
{"type":"cell","layer":47,"active_experts":1,"pairs_per_expert":64,"q_scale":8.00,"tokens":64,"mode":"baseline","order":0,"gpu_us":697.695630,"bit_mismatches":0,"nonfinite":0,"padding_changes":0,"fp64_misses":0,"fp64_max_abs":4.30612885e-08,"result":"PASS"}
{"type":"cell","layer":47,"active_experts":1,"pairs_per_expert":64,"q_scale":8.00,"tokens":64,"mode":"soa","order":1,"gpu_us":740.216420,"bit_mismatches":0,"nonfinite":0,"padding_changes":0,"fp64_misses":0,"fp64_max_abs":4.30612885e-08,"result":"PASS"}
{"type":"cell","layer":47,"active_experts":1,"pairs_per_expert":64,"q_scale":8.00,"tokens":64,"mode":"split","order":2,"gpu_us":188.888891,"bit_mismatches":0,"nonfinite":0,"padding_changes":0,"fp64_misses":0,"fp64_max_abs":4.30612885e-08,"result":"PASS"}
{"type":"cell","layer":47,"active_experts":1,"pairs_per_expert":64,"q_scale":8.00,"tokens":64,"mode":"split","order":3,"gpu_us":198.958023,"bit_mismatches":0,"nonfinite":0,"padding_changes":0,"fp64_misses":0,"fp64_max_abs":4.30612885e-08,"result":"PASS"}
{"type":"cell","layer":47,"active_experts":1,"pairs_per_expert":64,"q_scale":8.00,"tokens":64,"mode":"soa","order":4,"gpu_us":734.956426,"bit_mismatches":0,"nonfinite":0,"padding_changes":0,"fp64_misses":0,"fp64_max_abs":4.30612885e-08,"result":"PASS"}
{"type":"cell","layer":47,"active_experts":1,"pairs_per_expert":64,"q_scale":8.00,"tokens":64,"mode":"baseline","order":5,"gpu_us":702.134063,"bit_mismatches":0,"nonfinite":0,"padding_changes":0,"fp64_misses":0,"fp64_max_abs":4.30612885e-08,"result":"PASS"}
{"type":"cell","layer":47,"active_experts":16,"pairs_per_expert":3,"q_scale":0.25,"tokens":48,"mode":"baseline","order":0,"gpu_us":466.826977,"bit_mismatches":0,"nonfinite":0,"padding_changes":0,"fp64_misses":0,"fp64_max_abs":2.79143951e-10,"result":"PASS"}
{"type":"cell","layer":47,"active_experts":16,"pairs_per_expert":3,"q_scale":0.25,"tokens":48,"mode":"soa","order":1,"gpu_us":390.321616,"bit_mismatches":0,"nonfinite":0,"padding_changes":0,"fp64_misses":0,"fp64_max_abs":2.79143951e-10,"result":"PASS"}
{"type":"cell","layer":47,"active_experts":16,"pairs_per_expert":3,"q_scale":0.25,"tokens":48,"mode":"split","order":2,"gpu_us":388.508170,"bit_mismatches":0,"nonfinite":0,"padding_changes":0,"fp64_misses":0,"fp64_max_abs":2.79143951e-10,"result":"PASS"}
{"type":"cell","layer":47,"active_experts":16,"pairs_per_expert":3,"q_scale":0.25,"tokens":48,"mode":"split","order":3,"gpu_us":391.553957,"bit_mismatches":0,"nonfinite":0,"padding_changes":0,"fp64_misses":0,"fp64_max_abs":2.79143951e-10,"result":"PASS"}
{"type":"cell","layer":47,"active_experts":16,"pairs_per_expert":3,"q_scale":0.25,"tokens":48,"mode":"soa","order":4,"gpu_us":388.377923,"bit_mismatches":0,"nonfinite":0,"padding_changes":0,"fp64_misses":0,"fp64_max_abs":2.79143951e-10,"result":"PASS"}
{"type":"cell","layer":47,"active_experts":16,"pairs_per_expert":3,"q_scale":0.25,"tokens":48,"mode":"baseline","order":5,"gpu_us":466.816958,"bit_mismatches":0,"nonfinite":0,"padding_changes":0,"fp64_misses":0,"fp64_max_abs":2.79143951e-10,"result":"PASS"}
{"type":"result","result":"PASS","cells":72,"full_model":false}
