vk device 0: AMD Radeon RX 7900 XTX (RADV NAVI31) [0000:68:00.0] vram=24560 MiB
vk device 1: Radeon 8060S Graphics (RADV STRIX_HALO) [0000:c1:00.0] vram=72362 MiB (not discrete)
vk device 2: llvmpipe (LLVM 21.1.8, 256 bits) [?] vram=124123 MiB (not discrete)
device: Radeon 8060S Graphics (RADV STRIX_HALO) [0000:c1:00.0]
cooperative matrix: KHR f16acc=yes f32acc=yes shape=16x16x16 subgroup=64
decode operator memory: type 0 heap 1 [DL]; staged=yes; repetitions=4; synthetic only
{"mode":"baseline","order":0,"n0":1,"n1":0,"q_scale":1.0,"gpu_us":14.667869,"nonfinite":0,"padding_changes":0,"baseline_bit_mismatches":0,"fp64_misses":0,"fp64_max_abs":8.93549136e-08,"result":"PASS"}
{"mode":"kv8","order":1,"n0":1,"n1":0,"q_scale":1.0,"gpu_us":6.612564,"nonfinite":0,"padding_changes":0,"baseline_bit_mismatches":0,"fp64_misses":0,"fp64_max_abs":8.93549136e-08,"result":"PASS"}
{"mode":"kv16","order":2,"n0":1,"n1":0,"q_scale":1.0,"gpu_us":6.552450,"nonfinite":0,"padding_changes":0,"baseline_bit_mismatches":0,"fp64_misses":0,"fp64_max_abs":8.93549136e-08,"result":"PASS"}
{"mode":"kv32","order":3,"n0":1,"n1":0,"q_scale":1.0,"gpu_us":6.512374,"nonfinite":0,"padding_changes":0,"baseline_bit_mismatches":0,"fp64_misses":0,"fp64_max_abs":8.93549136e-08,"result":"PASS"}
{"mode":"kv32","order":4,"n0":1,"n1":0,"q_scale":1.0,"gpu_us":6.492336,"nonfinite":0,"padding_changes":0,"baseline_bit_mismatches":0,"fp64_misses":0,"fp64_max_abs":8.93549136e-08,"result":"PASS"}
{"mode":"kv16","order":5,"n0":1,"n1":0,"q_scale":1.0,"gpu_us":6.502355,"nonfinite":0,"padding_changes":0,"baseline_bit_mismatches":0,"fp64_misses":0,"fp64_max_abs":8.93549136e-08,"result":"PASS"}
{"mode":"kv8","order":6,"n0":1,"n1":0,"q_scale":1.0,"gpu_us":6.482316,"nonfinite":0,"padding_changes":0,"baseline_bit_mismatches":0,"fp64_misses":0,"fp64_max_abs":8.93549136e-08,"result":"PASS"}
{"mode":"baseline","order":7,"n0":1,"n1":0,"q_scale":1.0,"gpu_us":14.497546,"nonfinite":0,"padding_changes":0,"baseline_bit_mismatches":0,"fp64_misses":0,"fp64_max_abs":8.93549136e-08,"result":"PASS"}
{"mode":"baseline","order":0,"n0":2,"n1":0,"q_scale":1.0,"gpu_us":14.667869,"nonfinite":0,"padding_changes":0,"baseline_bit_mismatches":0,"fp64_misses":0,"fp64_max_abs":1.10428539e-07,"result":"PASS"}
{"mode":"kv8","order":1,"n0":2,"n1":0,"q_scale":1.0,"gpu_us":6.722773,"nonfinite":0,"padding_changes":0,"baseline_bit_mismatches":0,"fp64_misses":0,"fp64_max_abs":1.10428539e-07,"result":"PASS"}
{"mode":"kv16","order":2,"n0":2,"n1":0,"q_scale":1.0,"gpu_us":6.792907,"nonfinite":0,"padding_changes":0,"baseline_bit_mismatches":0,"fp64_misses":0,"fp64_max_abs":1.10428539e-07,"result":"PASS"}
{"mode":"kv32","order":3,"n0":2,"n1":0,"q_scale":1.0,"gpu_us":6.722773,"nonfinite":0,"padding_changes":0,"baseline_bit_mismatches":0,"fp64_misses":0,"fp64_max_abs":1.10428539e-07,"result":"PASS"}
{"mode":"kv32","order":4,"n0":2,"n1":0,"q_scale":1.0,"gpu_us":6.873059,"nonfinite":0,"padding_changes":0,"baseline_bit_mismatches":0,"fp64_misses":0,"fp64_max_abs":1.10428539e-07,"result":"PASS"}
{"mode":"kv16","order":5,"n0":2,"n1":0,"q_scale":1.0,"gpu_us":6.782888,"nonfinite":0,"padding_changes":0,"baseline_bit_mismatches":0,"fp64_misses":0,"fp64_max_abs":1.10428539e-07,"result":"PASS"}
{"mode":"kv8","order":6,"n0":2,"n1":0,"q_scale":1.0,"gpu_us":6.792907,"nonfinite":0,"padding_changes":0,"baseline_bit_mismatches":0,"fp64_misses":0,"fp64_max_abs":1.10428539e-07,"result":"PASS"}
{"mode":"baseline","order":7,"n0":2,"n1":0,"q_scale":1.0,"gpu_us":14.778079,"nonfinite":0,"padding_changes":0,"baseline_bit_mismatches":0,"fp64_misses":0,"fp64_max_abs":1.10428539e-07,"result":"PASS"}
{"mode":"baseline","order":0,"n0":63,"n1":0,"q_scale":1.0,"gpu_us":29.455967,"nonfinite":0,"padding_changes":0,"baseline_bit_mismatches":0,"fp64_misses":0,"fp64_max_abs":7.95311344e-08,"result":"PASS"}
{"mode":"kv8","order":1,"n0":63,"n1":0,"q_scale":1.0,"gpu_us":11.020940,"nonfinite":0,"padding_changes":0,"baseline_bit_mismatches":0,"fp64_misses":0,"fp64_max_abs":7.95311344e-08,"result":"PASS"}
{"mode":"kv16","order":2,"n0":63,"n1":0,"q_scale":1.0,"gpu_us":11.622082,"nonfinite":0,"padding_changes":0,"baseline_bit_mismatches":0,"fp64_misses":0,"fp64_max_abs":7.95311344e-08,"result":"PASS"}
{"mode":"kv32","order":3,"n0":63,"n1":0,"q_scale":1.0,"gpu_us":14.166917,"nonfinite":0,"padding_changes":0,"baseline_bit_mismatches":0,"fp64_misses":0,"fp64_max_abs":7.95311344e-08,"result":"PASS"}
{"mode":"kv32","order":4,"n0":63,"n1":0,"q_scale":1.0,"gpu_us":14.257089,"nonfinite":0,"padding_changes":0,"baseline_bit_mismatches":0,"fp64_misses":0,"fp64_max_abs":7.95311344e-08,"result":"PASS"}
{"mode":"kv16","order":5,"n0":63,"n1":0,"q_scale":1.0,"gpu_us":11.862539,"nonfinite":0,"padding_changes":0,"baseline_bit_mismatches":0,"fp64_misses":0,"fp64_max_abs":7.95311344e-08,"result":"PASS"}
{"mode":"kv8","order":6,"n0":63,"n1":0,"q_scale":1.0,"gpu_us":10.970845,"nonfinite":0,"padding_changes":0,"baseline_bit_mismatches":0,"fp64_misses":0,"fp64_max_abs":7.95311344e-08,"result":"PASS"}
{"mode":"baseline","order":7,"n0":63,"n1":0,"q_scale":1.0,"gpu_us":29.355776,"nonfinite":0,"padding_changes":0,"baseline_bit_mismatches":0,"fp64_misses":0,"fp64_max_abs":7.95311344e-08,"result":"PASS"}
{"mode":"baseline","order":0,"n0":64,"n1":0,"q_scale":1.0,"gpu_us":29.606252,"nonfinite":0,"padding_changes":0,"baseline_bit_mismatches":0,"fp64_misses":0,"fp64_max_abs":7.03753725e-08,"result":"PASS"}
{"mode":"kv8","order":1,"n0":64,"n1":0,"q_scale":1.0,"gpu_us":10.069131,"nonfinite":0,"padding_changes":0,"baseline_bit_mismatches":0,"fp64_misses":0,"fp64_max_abs":7.03753725e-08,"result":"PASS"}
{"mode":"kv16","order":2,"n0":64,"n1":0,"q_scale":1.0,"gpu_us":9.658351,"nonfinite":0,"padding_changes":0,"baseline_bit_mismatches":0,"fp64_misses":0,"fp64_max_abs":7.03753725e-08,"result":"PASS"}
{"mode":"kv32","order":3,"n0":64,"n1":0,"q_scale":1.0,"gpu_us":9.227532,"nonfinite":0,"padding_changes":0,"baseline_bit_mismatches":0,"fp64_misses":0,"fp64_max_abs":7.03753725e-08,"result":"PASS"}
{"mode":"kv32","order":4,"n0":64,"n1":0,"q_scale":1.0,"gpu_us":9.307685,"nonfinite":0,"padding_changes":0,"baseline_bit_mismatches":0,"fp64_misses":0,"fp64_max_abs":7.03753725e-08,"result":"PASS"}
{"mode":"kv16","order":5,"n0":64,"n1":0,"q_scale":1.0,"gpu_us":9.488027,"nonfinite":0,"padding_changes":0,"baseline_bit_mismatches":0,"fp64_misses":0,"fp64_max_abs":7.03753725e-08,"result":"PASS"}
{"mode":"kv8","order":6,"n0":64,"n1":0,"q_scale":1.0,"gpu_us":10.099189,"nonfinite":0,"padding_changes":0,"baseline_bit_mismatches":0,"fp64_misses":0,"fp64_max_abs":7.03753725e-08,"result":"PASS"}
{"mode":"baseline","order":7,"n0":64,"n1":0,"q_scale":1.0,"gpu_us":29.686405,"nonfinite":0,"padding_changes":0,"baseline_bit_mismatches":0,"fp64_misses":0,"fp64_max_abs":7.03753725e-08,"result":"PASS"}
{"mode":"baseline","order":0,"n0":65,"n1":0,"q_scale":1.0,"gpu_us":29.776576,"nonfinite":0,"padding_changes":0,"baseline_bit_mismatches":0,"fp64_misses":0,"fp64_max_abs":7.15309641e-08,"result":"PASS"}
{"mode":"kv8","order":1,"n0":65,"n1":0,"q_scale":1.0,"gpu_us":10.439836,"nonfinite":0,"padding_changes":0,"baseline_bit_mismatches":0,"fp64_misses":0,"fp64_max_abs":7.15309641e-08,"result":"PASS"}
{"mode":"kv16","order":2,"n0":65,"n1":0,"q_scale":1.0,"gpu_us":9.588218,"nonfinite":0,"padding_changes":0,"baseline_bit_mismatches":0,"fp64_misses":0,"fp64_max_abs":7.15309641e-08,"result":"PASS"}
{"mode":"kv32","order":3,"n0":65,"n1":0,"q_scale":1.0,"gpu_us":9.478008,"nonfinite":0,"padding_changes":0,"baseline_bit_mismatches":0,"fp64_misses":0,"fp64_max_abs":7.15309641e-08,"result":"PASS"}
{"mode":"kv32","order":4,"n0":65,"n1":0,"q_scale":1.0,"gpu_us":9.277628,"nonfinite":0,"padding_changes":0,"baseline_bit_mismatches":0,"fp64_misses":0,"fp64_max_abs":7.15309641e-08,"result":"PASS"}
{"mode":"kv16","order":5,"n0":65,"n1":0,"q_scale":1.0,"gpu_us":9.758541,"nonfinite":0,"padding_changes":0,"baseline_bit_mismatches":0,"fp64_misses":0,"fp64_max_abs":7.15309641e-08,"result":"PASS"}
{"mode":"kv8","order":6,"n0":65,"n1":0,"q_scale":1.0,"gpu_us":10.169322,"nonfinite":0,"padding_changes":0,"baseline_bit_mismatches":0,"fp64_misses":0,"fp64_max_abs":7.15309641e-08,"result":"PASS"}
{"mode":"baseline","order":7,"n0":65,"n1":0,"q_scale":1.0,"gpu_us":30.057109,"nonfinite":0,"padding_changes":0,"baseline_bit_mismatches":0,"fp64_misses":0,"fp64_max_abs":7.15309641e-08,"result":"PASS"}
{"mode":"baseline","order":0,"n0":255,"n1":0,"q_scale":1.0,"gpu_us":67.267810,"nonfinite":0,"padding_changes":0,"baseline_bit_mismatches":0,"fp64_misses":0,"fp64_max_abs":4.90653027e-08,"result":"PASS"}
{"mode":"kv8","order":1,"n0":255,"n1":0,"q_scale":1.0,"gpu_us":20.448853,"nonfinite":0,"padding_changes":0,"baseline_bit_mismatches":0,"fp64_misses":0,"fp64_max_abs":4.90653027e-08,"result":"PASS"}
{"mode":"kv16","order":2,"n0":255,"n1":0,"q_scale":1.0,"gpu_us":19.587216,"nonfinite":0,"padding_changes":0,"baseline_bit_mismatches":0,"fp64_misses":0,"fp64_max_abs":4.90653027e-08,"result":"PASS"}
{"mode":"kv32","order":3,"n0":255,"n1":0,"q_scale":1.0,"gpu_us":20.939786,"nonfinite":0,"padding_changes":0,"baseline_bit_mismatches":0,"fp64_misses":0,"fp64_max_abs":4.90653027e-08,"result":"PASS"}
{"mode":"kv32","order":4,"n0":255,"n1":0,"q_scale":1.0,"gpu_us":20.869653,"nonfinite":0,"padding_changes":0,"baseline_bit_mismatches":0,"fp64_misses":0,"fp64_max_abs":4.90653027e-08,"result":"PASS"}
{"mode":"kv16","order":5,"n0":255,"n1":0,"q_scale":1.0,"gpu_us":19.356778,"nonfinite":0,"padding_changes":0,"baseline_bit_mismatches":0,"fp64_misses":0,"fp64_max_abs":4.90653027e-08,"result":"PASS"}
{"mode":"kv8","order":6,"n0":255,"n1":0,"q_scale":1.0,"gpu_us":20.849615,"nonfinite":0,"padding_changes":0,"baseline_bit_mismatches":0,"fp64_misses":0,"fp64_max_abs":4.90653027e-08,"result":"PASS"}
{"mode":"baseline","order":7,"n0":255,"n1":0,"q_scale":1.0,"gpu_us":67.538324,"nonfinite":0,"padding_changes":0,"baseline_bit_mismatches":0,"fp64_misses":0,"fp64_max_abs":4.90653027e-08,"result":"PASS"}
{"mode":"baseline","order":0,"n0":256,"n1":0,"q_scale":1.0,"gpu_us":68.500151,"nonfinite":0,"padding_changes":0,"baseline_bit_mismatches":0,"fp64_misses":0,"fp64_max_abs":5.18502603e-08,"result":"PASS"}
{"mode":"kv8","order":1,"n0":256,"n1":0,"q_scale":1.0,"gpu_us":19.577197,"nonfinite":0,"padding_changes":0,"baseline_bit_mismatches":0,"fp64_misses":0,"fp64_max_abs":5.18502603e-08,"result":"PASS"}
{"mode":"kv16","order":2,"n0":256,"n1":0,"q_scale":1.0,"gpu_us":17.102495,"nonfinite":0,"padding_changes":0,"baseline_bit_mismatches":0,"fp64_misses":0,"fp64_max_abs":5.18502603e-08,"result":"PASS"}
{"mode":"kv32","order":3,"n0":256,"n1":0,"q_scale":1.0,"gpu_us":16.190763,"nonfinite":0,"padding_changes":0,"baseline_bit_mismatches":0,"fp64_misses":0,"fp64_max_abs":5.18502603e-08,"result":"PASS"}
{"mode":"kv32","order":4,"n0":256,"n1":0,"q_scale":1.0,"gpu_us":16.180744,"nonfinite":0,"padding_changes":0,"baseline_bit_mismatches":0,"fp64_misses":0,"fp64_max_abs":5.18502603e-08,"result":"PASS"}
{"mode":"kv16","order":5,"n0":256,"n1":0,"q_scale":1.0,"gpu_us":16.781886,"nonfinite":0,"padding_changes":0,"baseline_bit_mismatches":0,"fp64_misses":0,"fp64_max_abs":5.18502603e-08,"result":"PASS"}
{"mode":"kv8","order":6,"n0":256,"n1":0,"q_scale":1.0,"gpu_us":19.346759,"nonfinite":0,"padding_changes":0,"baseline_bit_mismatches":0,"fp64_misses":0,"fp64_max_abs":5.18502603e-08,"result":"PASS"}
{"mode":"baseline","order":7,"n0":256,"n1":0,"q_scale":1.0,"gpu_us":66.937181,"nonfinite":0,"padding_changes":0,"baseline_bit_mismatches":0,"fp64_misses":0,"fp64_max_abs":5.18502603e-08,"result":"PASS"}
{"mode":"baseline","order":0,"n0":257,"n1":0,"q_scale":1.0,"gpu_us":80.813547,"nonfinite":0,"padding_changes":0,"baseline_bit_mismatches":0,"fp64_misses":0,"fp64_max_abs":4.39548457e-08,"result":"PASS"}
{"mode":"kv8","order":1,"n0":257,"n1":0,"q_scale":1.0,"gpu_us":24.747020,"nonfinite":0,"padding_changes":0,"baseline_bit_mismatches":0,"fp64_misses":0,"fp64_max_abs":4.39548457e-08,"result":"PASS"}
{"mode":"kv16","order":2,"n0":257,"n1":0,"q_scale":1.0,"gpu_us":22.001804,"nonfinite":0,"padding_changes":0,"baseline_bit_mismatches":0,"fp64_misses":0,"fp64_max_abs":4.39548457e-08,"result":"PASS"}
{"mode":"kv32","order":3,"n0":257,"n1":0,"q_scale":1.0,"gpu_us":21.130148,"nonfinite":0,"padding_changes":0,"baseline_bit_mismatches":0,"fp64_misses":0,"fp64_max_abs":4.39548457e-08,"result":"PASS"}
{"mode":"kv32","order":4,"n0":257,"n1":0,"q_scale":1.0,"gpu_us":21.560966,"nonfinite":0,"padding_changes":0,"baseline_bit_mismatches":0,"fp64_misses":0,"fp64_max_abs":4.39548457e-08,"result":"PASS"}
{"mode":"kv16","order":5,"n0":257,"n1":0,"q_scale":1.0,"gpu_us":21.951709,"nonfinite":0,"padding_changes":0,"baseline_bit_mismatches":0,"fp64_misses":0,"fp64_max_abs":4.39548457e-08,"result":"PASS"}
{"mode":"kv8","order":6,"n0":257,"n1":0,"q_scale":1.0,"gpu_us":25.247971,"nonfinite":0,"padding_changes":0,"baseline_bit_mismatches":0,"fp64_misses":0,"fp64_max_abs":4.39548457e-08,"result":"PASS"}
{"mode":"baseline","order":7,"n0":257,"n1":0,"q_scale":1.0,"gpu_us":81.164213,"nonfinite":0,"padding_changes":0,"baseline_bit_mismatches":0,"fp64_misses":0,"fp64_max_abs":4.39548457e-08,"result":"PASS"}
{"mode":"baseline","order":0,"n0":1025,"n1":0,"q_scale":1.0,"gpu_us":274.711956,"nonfinite":0,"padding_changes":0,"baseline_bit_mismatches":0,"fp64_misses":0,"fp64_max_abs":4.69549851e-08,"result":"PASS"}
{"mode":"kv8","order":1,"n0":1025,"n1":0,"q_scale":1.0,"gpu_us":77.336941,"nonfinite":0,"padding_changes":0,"baseline_bit_mismatches":0,"fp64_misses":0,"fp64_max_abs":4.69549851e-08,"result":"PASS"}
{"mode":"kv16","order":2,"n0":1025,"n1":0,"q_scale":1.0,"gpu_us":65.003507,"nonfinite":0,"padding_changes":0,"baseline_bit_mismatches":0,"fp64_misses":0,"fp64_max_abs":4.69549851e-08,"result":"PASS"}
{"mode":"kv32","order":3,"n0":1025,"n1":0,"q_scale":1.0,"gpu_us":60.885684,"nonfinite":0,"padding_changes":0,"baseline_bit_mismatches":0,"fp64_misses":0,"fp64_max_abs":4.69549851e-08,"result":"PASS"}
{"mode":"kv32","order":4,"n0":1025,"n1":0,"q_scale":1.0,"gpu_us":60.585112,"nonfinite":0,"padding_changes":0,"baseline_bit_mismatches":0,"fp64_misses":0,"fp64_max_abs":4.69549851e-08,"result":"PASS"}
{"mode":"kv16","order":5,"n0":1025,"n1":0,"q_scale":1.0,"gpu_us":64.642822,"nonfinite":0,"padding_changes":0,"baseline_bit_mismatches":0,"fp64_misses":0,"fp64_max_abs":4.69549851e-08,"result":"PASS"}
{"mode":"kv8","order":6,"n0":1025,"n1":0,"q_scale":1.0,"gpu_us":75.443343,"nonfinite":0,"padding_changes":0,"baseline_bit_mismatches":0,"fp64_misses":0,"fp64_max_abs":4.69549851e-08,"result":"PASS"}
{"mode":"baseline","order":7,"n0":1025,"n1":0,"q_scale":1.0,"gpu_us":276.214812,"nonfinite":0,"padding_changes":0,"baseline_bit_mismatches":0,"fp64_misses":0,"fp64_max_abs":4.69549851e-08,"result":"PASS"}
{"mode":"baseline","order":0,"n0":2048,"n1":0,"q_scale":1.0,"gpu_us":522.061924,"nonfinite":0,"padding_changes":0,"baseline_bit_mismatches":0,"fp64_misses":0,"fp64_max_abs":5.34666227e-08,"result":"PASS"}
{"mode":"kv8","order":1,"n0":2048,"n1":0,"q_scale":1.0,"gpu_us":138.172530,"nonfinite":0,"padding_changes":0,"baseline_bit_mismatches":0,"fp64_misses":0,"fp64_max_abs":5.34666227e-08,"result":"PASS"}
{"mode":"kv16","order":2,"n0":2048,"n1":0,"q_scale":1.0,"gpu_us":114.247071,"nonfinite":0,"padding_changes":0,"baseline_bit_mismatches":0,"fp64_misses":0,"fp64_max_abs":5.34666227e-08,"result":"PASS"}
{"mode":"kv32","order":3,"n0":2048,"n1":0,"q_scale":1.0,"gpu_us":105.911233,"nonfinite":0,"padding_changes":0,"baseline_bit_mismatches":0,"fp64_misses":0,"fp64_max_abs":5.34666227e-08,"result":"PASS"}
{"mode":"kv32","order":4,"n0":2048,"n1":0,"q_scale":1.0,"gpu_us":104.478510,"nonfinite":0,"padding_changes":0,"baseline_bit_mismatches":0,"fp64_misses":0,"fp64_max_abs":5.34666227e-08,"result":"PASS"}
{"mode":"kv16","order":5,"n0":2048,"n1":0,"q_scale":1.0,"gpu_us":116.521392,"nonfinite":0,"padding_changes":0,"baseline_bit_mismatches":0,"fp64_misses":0,"fp64_max_abs":5.34666227e-08,"result":"PASS"}
{"mode":"kv8","order":6,"n0":2048,"n1":0,"q_scale":1.0,"gpu_us":137.080455,"nonfinite":0,"padding_changes":0,"baseline_bit_mismatches":0,"fp64_misses":0,"fp64_max_abs":5.34666227e-08,"result":"PASS"}
{"mode":"baseline","order":7,"n0":2048,"n1":0,"q_scale":1.0,"gpu_us":519.867755,"nonfinite":0,"padding_changes":0,"baseline_bit_mismatches":0,"fp64_misses":0,"fp64_max_abs":5.34666227e-08,"result":"PASS"}
{"mode":"baseline","order":0,"n0":8192,"n1":0,"q_scale":1.0,"gpu_us":2115.259018,"nonfinite":0,"padding_changes":0,"baseline_bit_mismatches":0,"fp64_misses":0,"fp64_max_abs":5.81070179e-08,"result":"PASS"}
{"mode":"kv8","order":1,"n0":8192,"n1":0,"q_scale":1.0,"gpu_us":561.997803,"nonfinite":0,"padding_changes":0,"baseline_bit_mismatches":0,"fp64_misses":0,"fp64_max_abs":5.81070179e-08,"result":"PASS"}
{"mode":"kv16","order":2,"n0":8192,"n1":0,"q_scale":1.0,"gpu_us":460.404775,"nonfinite":0,"padding_changes":0,"baseline_bit_mismatches":0,"fp64_misses":0,"fp64_max_abs":5.81070179e-08,"result":"PASS"}
{"mode":"kv32","order":3,"n0":8192,"n1":0,"q_scale":1.0,"gpu_us":407.323920,"nonfinite":0,"padding_changes":0,"baseline_bit_mismatches":0,"fp64_misses":0,"fp64_max_abs":5.81070179e-08,"result":"PASS"}
{"mode":"kv32","order":4,"n0":8192,"n1":0,"q_scale":1.0,"gpu_us":410.800526,"nonfinite":0,"padding_changes":0,"baseline_bit_mismatches":0,"fp64_misses":0,"fp64_max_abs":5.81070179e-08,"result":"PASS"}
{"mode":"kv16","order":5,"n0":8192,"n1":0,"q_scale":1.0,"gpu_us":454.954419,"nonfinite":0,"padding_changes":0,"baseline_bit_mismatches":0,"fp64_misses":0,"fp64_max_abs":5.81070179e-08,"result":"PASS"}
{"mode":"kv8","order":6,"n0":8192,"n1":0,"q_scale":1.0,"gpu_us":548.862846,"nonfinite":0,"padding_changes":0,"baseline_bit_mismatches":0,"fp64_misses":0,"fp64_max_abs":5.81070179e-08,"result":"PASS"}
{"mode":"baseline","order":7,"n0":8192,"n1":0,"q_scale":1.0,"gpu_us":2163.981592,"nonfinite":0,"padding_changes":0,"baseline_bit_mismatches":0,"fp64_misses":0,"fp64_max_abs":5.81070179e-08,"result":"PASS"}
{"mode":"baseline","order":0,"n0":16384,"n1":0,"q_scale":1.0,"gpu_us":6197.154671,"nonfinite":0,"padding_changes":0,"baseline_bit_mismatches":0,"fp64_misses":0,"fp64_max_abs":4.57050633e-08,"result":"PASS"}
{"mode":"kv8","order":1,"n0":16384,"n1":0,"q_scale":1.0,"gpu_us":1478.178558,"nonfinite":0,"padding_changes":0,"baseline_bit_mismatches":0,"fp64_misses":0,"fp64_max_abs":4.57050633e-08,"result":"PASS"}
{"mode":"kv16","order":2,"n0":16384,"n1":0,"q_scale":1.0,"gpu_us":1182.486739,"nonfinite":0,"padding_changes":0,"baseline_bit_mismatches":0,"fp64_misses":0,"fp64_max_abs":4.57050633e-08,"result":"PASS"}
{"mode":"kv32","order":3,"n0":16384,"n1":0,"q_scale":1.0,"gpu_us":1035.737915,"nonfinite":0,"padding_changes":0,"baseline_bit_mismatches":0,"fp64_misses":0,"fp64_max_abs":4.57050633e-08,"result":"PASS"}
{"mode":"kv32","order":4,"n0":16384,"n1":0,"q_scale":1.0,"gpu_us":1032.882490,"nonfinite":0,"padding_changes":0,"baseline_bit_mismatches":0,"fp64_misses":0,"fp64_max_abs":4.57050633e-08,"result":"PASS"}
{"mode":"kv16","order":5,"n0":16384,"n1":0,"q_scale":1.0,"gpu_us":1180.953827,"nonfinite":0,"padding_changes":0,"baseline_bit_mismatches":0,"fp64_misses":0,"fp64_max_abs":4.57050633e-08,"result":"PASS"}
{"mode":"kv8","order":6,"n0":16384,"n1":0,"q_scale":1.0,"gpu_us":1473.118944,"nonfinite":0,"padding_changes":0,"baseline_bit_mismatches":0,"fp64_misses":0,"fp64_max_abs":4.57050633e-08,"result":"PASS"}
{"mode":"baseline","order":7,"n0":16384,"n1":0,"q_scale":1.0,"gpu_us":5894.209070,"nonfinite":0,"padding_changes":0,"baseline_bit_mismatches":0,"fp64_misses":0,"fp64_max_abs":4.57050633e-08,"result":"PASS"}
{"mode":"baseline","order":0,"n0":16433,"n1":0,"q_scale":1.0,"gpu_us":5915.579675,"nonfinite":0,"padding_changes":0,"baseline_bit_mismatches":0,"fp64_misses":0,"fp64_max_abs":4.52966914e-08,"result":"PASS"}
{"mode":"kv8","order":1,"n0":16433,"n1":0,"q_scale":1.0,"gpu_us":1492.105018,"nonfinite":0,"padding_changes":0,"baseline_bit_mismatches":0,"fp64_misses":0,"fp64_max_abs":4.52966914e-08,"result":"PASS"}
{"mode":"kv16","order":2,"n0":16433,"n1":0,"q_scale":1.0,"gpu_us":1197.475218,"nonfinite":0,"padding_changes":0,"baseline_bit_mismatches":0,"fp64_misses":0,"fp64_max_abs":4.52966914e-08,"result":"PASS"}
{"mode":"kv32","order":3,"n0":16433,"n1":0,"q_scale":1.0,"gpu_us":1049.103309,"nonfinite":0,"padding_changes":0,"baseline_bit_mismatches":0,"fp64_misses":0,"fp64_max_abs":4.52966914e-08,"result":"PASS"}
{"mode":"kv32","order":4,"n0":16433,"n1":0,"q_scale":1.0,"gpu_us":1046.047503,"nonfinite":0,"padding_changes":0,"baseline_bit_mismatches":0,"fp64_misses":0,"fp64_max_abs":4.52966914e-08,"result":"PASS"}
{"mode":"kv16","order":5,"n0":16433,"n1":0,"q_scale":1.0,"gpu_us":1195.311106,"nonfinite":0,"padding_changes":0,"baseline_bit_mismatches":0,"fp64_misses":0,"fp64_max_abs":4.52966914e-08,"result":"PASS"}
{"mode":"kv8","order":6,"n0":16433,"n1":0,"q_scale":1.0,"gpu_us":1482.096001,"nonfinite":0,"padding_changes":0,"baseline_bit_mismatches":0,"fp64_misses":0,"fp64_max_abs":4.52966914e-08,"result":"PASS"}
{"mode":"baseline","order":7,"n0":16433,"n1":0,"q_scale":1.0,"gpu_us":5806.923226,"nonfinite":0,"padding_changes":0,"baseline_bit_mismatches":0,"fp64_misses":0,"fp64_max_abs":4.52966914e-08,"result":"PASS"}
{"mode":"baseline","order":0,"n0":32768,"n1":0,"q_scale":1.0,"gpu_us":12224.005762,"nonfinite":0,"padding_changes":0,"baseline_bit_mismatches":0,"fp64_misses":0,"fp64_max_abs":4.46569391e-08,"result":"PASS"}
{"mode":"kv8","order":1,"n0":32768,"n1":0,"q_scale":1.0,"gpu_us":2925.658788,"nonfinite":0,"padding_changes":0,"baseline_bit_mismatches":0,"fp64_misses":0,"fp64_max_abs":4.46569391e-08,"result":"PASS"}
{"mode":"kv16","order":2,"n0":32768,"n1":0,"q_scale":1.0,"gpu_us":2360.825598,"nonfinite":0,"padding_changes":0,"baseline_bit_mismatches":0,"fp64_misses":0,"fp64_max_abs":4.46569391e-08,"result":"PASS"}
{"mode":"kv32","order":3,"n0":32768,"n1":0,"q_scale":1.0,"gpu_us":2044.284165,"nonfinite":0,"padding_changes":0,"baseline_bit_mismatches":0,"fp64_misses":0,"fp64_max_abs":4.46569391e-08,"result":"PASS"}
{"mode":"kv32","order":4,"n0":32768,"n1":0,"q_scale":1.0,"gpu_us":2038.783714,"nonfinite":0,"padding_changes":0,"baseline_bit_mismatches":0,"fp64_misses":0,"fp64_max_abs":4.46569391e-08,"result":"PASS"}
{"mode":"kv16","order":5,"n0":32768,"n1":0,"q_scale":1.0,"gpu_us":2361.727311,"nonfinite":0,"padding_changes":0,"baseline_bit_mismatches":0,"fp64_misses":0,"fp64_max_abs":4.46569391e-08,"result":"PASS"}
{"mode":"kv8","order":6,"n0":32768,"n1":0,"q_scale":1.0,"gpu_us":2944.204024,"nonfinite":0,"padding_changes":0,"baseline_bit_mismatches":0,"fp64_misses":0,"fp64_max_abs":4.46569391e-08,"result":"PASS"}
{"mode":"baseline","order":7,"n0":32768,"n1":0,"q_scale":1.0,"gpu_us":11524.566820,"nonfinite":0,"padding_changes":0,"baseline_bit_mismatches":0,"fp64_misses":0,"fp64_max_abs":4.46569391e-08,"result":"PASS"}
{"mode":"baseline","order":0,"n0":257,"n1":16433,"q_scale":1.0,"gpu_us":5885.352242,"nonfinite":0,"padding_changes":0,"baseline_bit_mismatches":0,"fp64_misses":0,"fp64_max_abs":5.82146617e-08,"result":"PASS"}
{"mode":"kv8","order":1,"n0":257,"n1":16433,"q_scale":1.0,"gpu_us":1509.077265,"nonfinite":0,"padding_changes":0,"baseline_bit_mismatches":0,"fp64_misses":0,"fp64_max_abs":5.82146617e-08,"result":"PASS"}
{"mode":"kv16","order":2,"n0":257,"n1":16433,"q_scale":1.0,"gpu_us":1207.925073,"nonfinite":0,"padding_changes":0,"baseline_bit_mismatches":0,"fp64_misses":0,"fp64_max_abs":5.82146617e-08,"result":"PASS"}
{"mode":"kv32","order":3,"n0":257,"n1":16433,"q_scale":1.0,"gpu_us":1051.748335,"nonfinite":0,"padding_changes":0,"baseline_bit_mismatches":0,"fp64_misses":0,"fp64_max_abs":5.82146617e-08,"result":"PASS"}
{"mode":"kv32","order":4,"n0":257,"n1":16433,"q_scale":1.0,"gpu_us":1057.509281,"nonfinite":0,"padding_changes":0,"baseline_bit_mismatches":0,"fp64_misses":0,"fp64_max_abs":5.82146617e-08,"result":"PASS"}
{"mode":"kv16","order":5,"n0":257,"n1":16433,"q_scale":1.0,"gpu_us":1206.301989,"nonfinite":0,"padding_changes":0,"baseline_bit_mismatches":0,"fp64_misses":0,"fp64_max_abs":5.82146617e-08,"result":"PASS"}
{"mode":"kv8","order":6,"n0":257,"n1":16433,"q_scale":1.0,"gpu_us":1493.076865,"nonfinite":0,"padding_changes":0,"baseline_bit_mismatches":0,"fp64_misses":0,"fp64_max_abs":5.82146617e-08,"result":"PASS"}
{"mode":"baseline","order":7,"n0":257,"n1":16433,"q_scale":1.0,"gpu_us":5924.095855,"nonfinite":0,"padding_changes":0,"baseline_bit_mismatches":0,"fp64_misses":0,"fp64_max_abs":5.82146617e-08,"result":"PASS"}
{"mode":"baseline","order":0,"n0":1025,"n1":0,"q_scale":16.0,"gpu_us":274.561671,"nonfinite":0,"padding_changes":0,"baseline_bit_mismatches":0,"fp64_misses":0,"fp64_max_abs":4.59532229e-06,"result":"PASS"}
{"mode":"kv8","order":1,"n0":1025,"n1":0,"q_scale":16.0,"gpu_us":75.874162,"nonfinite":0,"padding_changes":0,"baseline_bit_mismatches":0,"fp64_misses":0,"fp64_max_abs":4.59532229e-06,"result":"PASS"}
{"mode":"kv16","order":2,"n0":1025,"n1":0,"q_scale":16.0,"gpu_us":65.985373,"nonfinite":0,"padding_changes":0,"baseline_bit_mismatches":0,"fp64_misses":0,"fp64_max_abs":4.59532229e-06,"result":"PASS"}
{"mode":"kv32","order":3,"n0":1025,"n1":0,"q_scale":16.0,"gpu_us":61.777378,"nonfinite":0,"padding_changes":0,"baseline_bit_mismatches":0,"fp64_misses":0,"fp64_max_abs":4.59532229e-06,"result":"PASS"}
{"mode":"kv32","order":4,"n0":1025,"n1":0,"q_scale":16.0,"gpu_us":61.456769,"nonfinite":0,"padding_changes":0,"baseline_bit_mismatches":0,"fp64_misses":0,"fp64_max_abs":4.59532229e-06,"result":"PASS"}
{"mode":"kv16","order":5,"n0":1025,"n1":0,"q_scale":16.0,"gpu_us":65.123736,"nonfinite":0,"padding_changes":0,"baseline_bit_mismatches":0,"fp64_misses":0,"fp64_max_abs":4.59532229e-06,"result":"PASS"}
{"mode":"kv8","order":6,"n0":1025,"n1":0,"q_scale":16.0,"gpu_us":77.276827,"nonfinite":0,"padding_changes":0,"baseline_bit_mismatches":0,"fp64_misses":0,"fp64_max_abs":4.59532229e-06,"result":"PASS"}
{"mode":"baseline","order":7,"n0":1025,"n1":0,"q_scale":16.0,"gpu_us":275.333136,"nonfinite":0,"padding_changes":0,"baseline_bit_mismatches":0,"fp64_misses":0,"fp64_max_abs":4.59532229e-06,"result":"PASS"}
{"mode":"baseline","order":0,"n0":257,"n1":0,"q_scale":128.0,"gpu_us":80.042081,"nonfinite":0,"padding_changes":0,"baseline_bit_mismatches":0,"fp64_misses":0,"fp64_max_abs":1.38608608e-07,"result":"PASS"}
{"mode":"kv8","order":1,"n0":257,"n1":0,"q_scale":128.0,"gpu_us":24.777077,"nonfinite":0,"padding_changes":0,"baseline_bit_mismatches":0,"fp64_misses":0,"fp64_max_abs":1.38608608e-07,"result":"PASS"}
{"mode":"kv16","order":2,"n0":257,"n1":0,"q_scale":128.0,"gpu_us":21.901613,"nonfinite":0,"padding_changes":0,"baseline_bit_mismatches":0,"fp64_misses":0,"fp64_max_abs":1.38608608e-07,"result":"PASS"}
{"mode":"kv32","order":3,"n0":257,"n1":0,"q_scale":128.0,"gpu_us":20.759443,"nonfinite":0,"padding_changes":0,"baseline_bit_mismatches":0,"fp64_misses":0,"fp64_max_abs":1.38608608e-07,"result":"PASS"}
{"mode":"kv32","order":4,"n0":257,"n1":0,"q_scale":128.0,"gpu_us":21.961728,"nonfinite":0,"padding_changes":0,"baseline_bit_mismatches":0,"fp64_misses":0,"fp64_max_abs":1.38608608e-07,"result":"PASS"}
{"mode":"kv16","order":5,"n0":257,"n1":0,"q_scale":128.0,"gpu_us":22.112013,"nonfinite":0,"padding_changes":0,"baseline_bit_mismatches":0,"fp64_misses":0,"fp64_max_abs":1.38608608e-07,"result":"PASS"}
{"mode":"kv8","order":6,"n0":257,"n1":0,"q_scale":128.0,"gpu_us":24.566677,"nonfinite":0,"padding_changes":0,"baseline_bit_mismatches":0,"fp64_misses":0,"fp64_max_abs":1.38608608e-07,"result":"PASS"}
{"mode":"baseline","order":7,"n0":257,"n1":0,"q_scale":128.0,"gpu_us":80.522995,"nonfinite":0,"padding_changes":0,"baseline_bit_mismatches":0,"fp64_misses":0,"fp64_max_abs":1.38608608e-07,"result":"PASS"}
{"mode":"baseline","order":0,"n0":127,"n1":0,"q_scale":1.0,"gpu_us":41.589020,"nonfinite":0,"padding_changes":0,"baseline_bit_mismatches":0,"fp64_misses":0,"fp64_max_abs":6.74537132e-08,"result":"PASS"}
{"mode":"kv8","order":1,"n0":127,"n1":0,"q_scale":1.0,"gpu_us":13.786194,"nonfinite":0,"padding_changes":0,"baseline_bit_mismatches":0,"fp64_misses":0,"fp64_max_abs":6.74537132e-08,"result":"PASS"}
{"mode":"kv16","order":2,"n0":127,"n1":0,"q_scale":1.0,"gpu_us":14.016632,"nonfinite":0,"padding_changes":0,"baseline_bit_mismatches":0,"fp64_misses":0,"fp64_max_abs":6.74537132e-08,"result":"PASS"}
{"mode":"kv32","order":3,"n0":127,"n1":0,"q_scale":1.0,"gpu_us":16.290953,"nonfinite":0,"padding_changes":0,"baseline_bit_mismatches":0,"fp64_misses":0,"fp64_max_abs":6.74537132e-08,"result":"PASS"}
{"mode":"kv32","order":4,"n0":127,"n1":0,"q_scale":1.0,"gpu_us":16.801924,"nonfinite":0,"padding_changes":0,"baseline_bit_mismatches":0,"fp64_misses":0,"fp64_max_abs":6.74537132e-08,"result":"PASS"}
{"mode":"kv16","order":5,"n0":127,"n1":0,"q_scale":1.0,"gpu_us":14.457469,"nonfinite":0,"padding_changes":0,"baseline_bit_mismatches":0,"fp64_misses":0,"fp64_max_abs":6.74537132e-08,"result":"PASS"}
{"mode":"kv8","order":6,"n0":127,"n1":0,"q_scale":1.0,"gpu_us":13.776175,"nonfinite":0,"padding_changes":0,"baseline_bit_mismatches":0,"fp64_misses":0,"fp64_max_abs":6.74537132e-08,"result":"PASS"}
{"mode":"baseline","order":7,"n0":127,"n1":0,"q_scale":1.0,"gpu_us":41.308487,"nonfinite":0,"padding_changes":0,"baseline_bit_mismatches":0,"fp64_misses":0,"fp64_max_abs":6.74537132e-08,"result":"PASS"}
