vk device 0: AMD Radeon RX 7900 XTX (RADV NAVI31) [0000:68:00.0] vram=24560 MiB
vk device 1: Radeon 8060S Graphics (RADV STRIX_HALO) [0000:c1:00.0] vram=72362 MiB (not discrete)
vk device 2: llvmpipe (LLVM 21.1.8, 256 bits) [?] vram=124123 MiB (not discrete)
device: Radeon 8060S Graphics (RADV STRIX_HALO) [0000:c1:00.0]
cooperative matrix: KHR f16acc=yes f32acc=yes shape=16x16x16 subgroup=64
decode operator memory: type 0 heap 1 [DL]; staged=yes; repetitions=4; synthetic only
{"mode":"baseline","order":0,"n0":1,"n1":0,"q_scale":1.0,"gpu_us":14.597736,"nonfinite":0,"padding_changes":0,"baseline_bit_mismatches":0,"fp64_misses":0,"fp64_max_abs":8.93549136e-08,"result":"PASS"}
{"mode":"kvec4","order":1,"n0":1,"n1":0,"q_scale":1.0,"gpu_us":6.632602,"nonfinite":0,"padding_changes":0,"baseline_bit_mismatches":0,"fp64_misses":0,"fp64_max_abs":8.93549136e-08,"result":"PASS"}
{"mode":"v8","order":2,"n0":1,"n1":0,"q_scale":1.0,"gpu_us":14.587717,"nonfinite":0,"padding_changes":0,"baseline_bit_mismatches":0,"fp64_misses":0,"fp64_max_abs":8.93549136e-08,"result":"PASS"}
{"mode":"kv8","order":3,"n0":1,"n1":0,"q_scale":1.0,"gpu_us":6.542431,"nonfinite":0,"padding_changes":0,"baseline_bit_mismatches":0,"fp64_misses":0,"fp64_max_abs":8.93549136e-08,"result":"PASS"}
{"mode":"kv8","order":4,"n0":1,"n1":0,"q_scale":1.0,"gpu_us":6.462278,"nonfinite":0,"padding_changes":0,"baseline_bit_mismatches":0,"fp64_misses":0,"fp64_max_abs":8.93549136e-08,"result":"PASS"}
{"mode":"v8","order":5,"n0":1,"n1":0,"q_scale":1.0,"gpu_us":14.467488,"nonfinite":0,"padding_changes":0,"baseline_bit_mismatches":0,"fp64_misses":0,"fp64_max_abs":8.93549136e-08,"result":"PASS"}
{"mode":"kvec4","order":6,"n0":1,"n1":0,"q_scale":1.0,"gpu_us":6.502355,"nonfinite":0,"padding_changes":0,"baseline_bit_mismatches":0,"fp64_misses":0,"fp64_max_abs":8.93549136e-08,"result":"PASS"}
{"mode":"baseline","order":7,"n0":1,"n1":0,"q_scale":1.0,"gpu_us":14.497546,"nonfinite":0,"padding_changes":0,"baseline_bit_mismatches":0,"fp64_misses":0,"fp64_max_abs":8.93549136e-08,"result":"PASS"}
{"mode":"baseline","order":0,"n0":2,"n1":0,"q_scale":1.0,"gpu_us":14.898307,"nonfinite":0,"padding_changes":0,"baseline_bit_mismatches":0,"fp64_misses":0,"fp64_max_abs":1.10428539e-07,"result":"PASS"}
{"mode":"kvec4","order":1,"n0":2,"n1":0,"q_scale":1.0,"gpu_us":6.873059,"nonfinite":0,"padding_changes":0,"baseline_bit_mismatches":0,"fp64_misses":0,"fp64_max_abs":1.10428539e-07,"result":"PASS"}
{"mode":"v8","order":2,"n0":2,"n1":0,"q_scale":1.0,"gpu_us":14.738002,"nonfinite":0,"padding_changes":0,"baseline_bit_mismatches":0,"fp64_misses":0,"fp64_max_abs":1.10428539e-07,"result":"PASS"}
{"mode":"kv8","order":3,"n0":2,"n1":0,"q_scale":1.0,"gpu_us":6.752830,"nonfinite":0,"padding_changes":0,"baseline_bit_mismatches":0,"fp64_misses":0,"fp64_max_abs":1.10428539e-07,"result":"PASS"}
{"mode":"kv8","order":4,"n0":2,"n1":0,"q_scale":1.0,"gpu_us":6.782888,"nonfinite":0,"padding_changes":0,"baseline_bit_mismatches":0,"fp64_misses":0,"fp64_max_abs":1.10428539e-07,"result":"PASS"}
{"mode":"v8","order":5,"n0":2,"n1":0,"q_scale":1.0,"gpu_us":14.798117,"nonfinite":0,"padding_changes":0,"baseline_bit_mismatches":0,"fp64_misses":0,"fp64_max_abs":1.10428539e-07,"result":"PASS"}
{"mode":"kvec4","order":6,"n0":2,"n1":0,"q_scale":1.0,"gpu_us":6.832983,"nonfinite":0,"padding_changes":0,"baseline_bit_mismatches":0,"fp64_misses":0,"fp64_max_abs":1.10428539e-07,"result":"PASS"}
{"mode":"baseline","order":7,"n0":2,"n1":0,"q_scale":1.0,"gpu_us":14.738002,"nonfinite":0,"padding_changes":0,"baseline_bit_mismatches":0,"fp64_misses":0,"fp64_max_abs":1.10428539e-07,"result":"PASS"}
{"mode":"baseline","order":0,"n0":63,"n1":0,"q_scale":1.0,"gpu_us":29.235548,"nonfinite":0,"padding_changes":0,"baseline_bit_mismatches":0,"fp64_misses":0,"fp64_max_abs":7.95311344e-08,"result":"PASS"}
{"mode":"kvec4","order":1,"n0":63,"n1":0,"q_scale":1.0,"gpu_us":19.326721,"nonfinite":0,"padding_changes":0,"baseline_bit_mismatches":0,"fp64_misses":0,"fp64_max_abs":7.95311344e-08,"result":"PASS"}
{"mode":"v8","order":2,"n0":63,"n1":0,"q_scale":1.0,"gpu_us":20.979862,"nonfinite":0,"padding_changes":0,"baseline_bit_mismatches":0,"fp64_misses":0,"fp64_max_abs":7.95311344e-08,"result":"PASS"}
{"mode":"kv8","order":3,"n0":63,"n1":0,"q_scale":1.0,"gpu_us":11.141168,"nonfinite":0,"padding_changes":0,"baseline_bit_mismatches":0,"fp64_misses":0,"fp64_max_abs":7.95311344e-08,"result":"PASS"}
{"mode":"kv8","order":4,"n0":63,"n1":0,"q_scale":1.0,"gpu_us":11.241359,"nonfinite":0,"padding_changes":0,"baseline_bit_mismatches":0,"fp64_misses":0,"fp64_max_abs":7.95311344e-08,"result":"PASS"}
{"mode":"v8","order":5,"n0":63,"n1":0,"q_scale":1.0,"gpu_us":20.989881,"nonfinite":0,"padding_changes":0,"baseline_bit_mismatches":0,"fp64_misses":0,"fp64_max_abs":7.95311344e-08,"result":"PASS"}
{"mode":"kvec4","order":6,"n0":63,"n1":0,"q_scale":1.0,"gpu_us":19.206493,"nonfinite":0,"padding_changes":0,"baseline_bit_mismatches":0,"fp64_misses":0,"fp64_max_abs":7.95311344e-08,"result":"PASS"}
{"mode":"baseline","order":7,"n0":63,"n1":0,"q_scale":1.0,"gpu_us":29.175434,"nonfinite":0,"padding_changes":0,"baseline_bit_mismatches":0,"fp64_misses":0,"fp64_max_abs":7.95311344e-08,"result":"PASS"}
{"mode":"baseline","order":0,"n0":64,"n1":0,"q_scale":1.0,"gpu_us":29.816652,"nonfinite":0,"padding_changes":0,"baseline_bit_mismatches":0,"fp64_misses":0,"fp64_max_abs":7.03753725e-08,"result":"PASS"}
{"mode":"kvec4","order":1,"n0":64,"n1":0,"q_scale":1.0,"gpu_us":19.627292,"nonfinite":0,"padding_changes":0,"baseline_bit_mismatches":0,"fp64_misses":0,"fp64_max_abs":7.03753725e-08,"result":"PASS"}
{"mode":"v8","order":2,"n0":64,"n1":0,"q_scale":1.0,"gpu_us":19.967939,"nonfinite":0,"padding_changes":0,"baseline_bit_mismatches":0,"fp64_misses":0,"fp64_max_abs":7.03753725e-08,"result":"PASS"}
{"mode":"kv8","order":3,"n0":64,"n1":0,"q_scale":1.0,"gpu_us":10.139265,"nonfinite":0,"padding_changes":0,"baseline_bit_mismatches":0,"fp64_misses":0,"fp64_max_abs":7.03753725e-08,"result":"PASS"}
{"mode":"kv8","order":4,"n0":64,"n1":0,"q_scale":1.0,"gpu_us":10.119227,"nonfinite":0,"padding_changes":0,"baseline_bit_mismatches":0,"fp64_misses":0,"fp64_max_abs":7.03753725e-08,"result":"PASS"}
{"mode":"v8","order":5,"n0":64,"n1":0,"q_scale":1.0,"gpu_us":19.907825,"nonfinite":0,"padding_changes":0,"baseline_bit_mismatches":0,"fp64_misses":0,"fp64_max_abs":7.03753725e-08,"result":"PASS"}
{"mode":"kvec4","order":6,"n0":64,"n1":0,"q_scale":1.0,"gpu_us":19.577197,"nonfinite":0,"padding_changes":0,"baseline_bit_mismatches":0,"fp64_misses":0,"fp64_max_abs":7.03753725e-08,"result":"PASS"}
{"mode":"baseline","order":7,"n0":64,"n1":0,"q_scale":1.0,"gpu_us":29.616271,"nonfinite":0,"padding_changes":0,"baseline_bit_mismatches":0,"fp64_misses":0,"fp64_max_abs":7.03753725e-08,"result":"PASS"}
{"mode":"baseline","order":0,"n0":65,"n1":0,"q_scale":1.0,"gpu_us":29.736500,"nonfinite":0,"padding_changes":0,"baseline_bit_mismatches":0,"fp64_misses":0,"fp64_max_abs":7.15309641e-08,"result":"PASS"}
{"mode":"kvec4","order":1,"n0":65,"n1":0,"q_scale":1.0,"gpu_us":19.887787,"nonfinite":0,"padding_changes":0,"baseline_bit_mismatches":0,"fp64_misses":0,"fp64_max_abs":7.15309641e-08,"result":"PASS"}
{"mode":"v8","order":2,"n0":65,"n1":0,"q_scale":1.0,"gpu_us":20.108206,"nonfinite":0,"padding_changes":0,"baseline_bit_mismatches":0,"fp64_misses":0,"fp64_max_abs":7.15309641e-08,"result":"PASS"}
{"mode":"kv8","order":3,"n0":65,"n1":0,"q_scale":1.0,"gpu_us":10.359684,"nonfinite":0,"padding_changes":0,"baseline_bit_mismatches":0,"fp64_misses":0,"fp64_max_abs":7.15309641e-08,"result":"PASS"}
{"mode":"kv8","order":4,"n0":65,"n1":0,"q_scale":1.0,"gpu_us":10.570083,"nonfinite":0,"padding_changes":0,"baseline_bit_mismatches":0,"fp64_misses":0,"fp64_max_abs":7.15309641e-08,"result":"PASS"}
{"mode":"v8","order":5,"n0":65,"n1":0,"q_scale":1.0,"gpu_us":20.188358,"nonfinite":0,"padding_changes":0,"baseline_bit_mismatches":0,"fp64_misses":0,"fp64_max_abs":7.15309641e-08,"result":"PASS"}
{"mode":"kvec4","order":6,"n0":65,"n1":0,"q_scale":1.0,"gpu_us":20.078149,"nonfinite":0,"padding_changes":0,"baseline_bit_mismatches":0,"fp64_misses":0,"fp64_max_abs":7.15309641e-08,"result":"PASS"}
{"mode":"baseline","order":7,"n0":65,"n1":0,"q_scale":1.0,"gpu_us":29.946899,"nonfinite":0,"padding_changes":0,"baseline_bit_mismatches":0,"fp64_misses":0,"fp64_max_abs":7.15309641e-08,"result":"PASS"}
{"mode":"baseline","order":0,"n0":255,"n1":0,"q_scale":1.0,"gpu_us":67.448152,"nonfinite":0,"padding_changes":0,"baseline_bit_mismatches":0,"fp64_misses":0,"fp64_max_abs":4.90653027e-08,"result":"PASS"}
{"mode":"kvec4","order":1,"n0":255,"n1":0,"q_scale":1.0,"gpu_us":57.549344,"nonfinite":0,"padding_changes":0,"baseline_bit_mismatches":0,"fp64_misses":0,"fp64_max_abs":4.90653027e-08,"result":"PASS"}
{"mode":"v8","order":2,"n0":255,"n1":0,"q_scale":1.0,"gpu_us":31.459774,"nonfinite":0,"padding_changes":0,"baseline_bit_mismatches":0,"fp64_misses":0,"fp64_max_abs":4.90653027e-08,"result":"PASS"}
{"mode":"kv8","order":3,"n0":255,"n1":0,"q_scale":1.0,"gpu_us":20.228434,"nonfinite":0,"padding_changes":0,"baseline_bit_mismatches":0,"fp64_misses":0,"fp64_max_abs":4.90653027e-08,"result":"PASS"}
{"mode":"kv8","order":4,"n0":255,"n1":0,"q_scale":1.0,"gpu_us":20.829576,"nonfinite":0,"padding_changes":0,"baseline_bit_mismatches":0,"fp64_misses":0,"fp64_max_abs":4.90653027e-08,"result":"PASS"}
{"mode":"v8","order":5,"n0":255,"n1":0,"q_scale":1.0,"gpu_us":30.598137,"nonfinite":0,"padding_changes":0,"baseline_bit_mismatches":0,"fp64_misses":0,"fp64_max_abs":4.90653027e-08,"result":"PASS"}
{"mode":"kvec4","order":6,"n0":255,"n1":0,"q_scale":1.0,"gpu_us":57.479211,"nonfinite":0,"padding_changes":0,"baseline_bit_mismatches":0,"fp64_misses":0,"fp64_max_abs":4.90653027e-08,"result":"PASS"}
{"mode":"baseline","order":7,"n0":255,"n1":0,"q_scale":1.0,"gpu_us":67.628495,"nonfinite":0,"padding_changes":0,"baseline_bit_mismatches":0,"fp64_misses":0,"fp64_max_abs":4.90653027e-08,"result":"PASS"}
{"mode":"baseline","order":0,"n0":256,"n1":0,"q_scale":1.0,"gpu_us":68.981065,"nonfinite":0,"padding_changes":0,"baseline_bit_mismatches":0,"fp64_misses":0,"fp64_max_abs":5.18502603e-08,"result":"PASS"}
{"mode":"kvec4","order":1,"n0":256,"n1":0,"q_scale":1.0,"gpu_us":57.879973,"nonfinite":0,"padding_changes":0,"baseline_bit_mismatches":0,"fp64_misses":0,"fp64_max_abs":5.18502603e-08,"result":"PASS"}
{"mode":"v8","order":2,"n0":256,"n1":0,"q_scale":1.0,"gpu_us":30.177337,"nonfinite":0,"padding_changes":0,"baseline_bit_mismatches":0,"fp64_misses":0,"fp64_max_abs":5.18502603e-08,"result":"PASS"}
{"mode":"kv8","order":3,"n0":256,"n1":0,"q_scale":1.0,"gpu_us":20.939786,"nonfinite":0,"padding_changes":0,"baseline_bit_mismatches":0,"fp64_misses":0,"fp64_max_abs":5.18502603e-08,"result":"PASS"}
{"mode":"kv8","order":4,"n0":256,"n1":0,"q_scale":1.0,"gpu_us":19.507064,"nonfinite":0,"padding_changes":0,"baseline_bit_mismatches":0,"fp64_misses":0,"fp64_max_abs":5.18502603e-08,"result":"PASS"}
{"mode":"v8","order":5,"n0":256,"n1":0,"q_scale":1.0,"gpu_us":29.666366,"nonfinite":0,"padding_changes":0,"baseline_bit_mismatches":0,"fp64_misses":0,"fp64_max_abs":5.18502603e-08,"result":"PASS"}
{"mode":"kvec4","order":6,"n0":256,"n1":0,"q_scale":1.0,"gpu_us":57.679592,"nonfinite":0,"padding_changes":0,"baseline_bit_mismatches":0,"fp64_misses":0,"fp64_max_abs":5.18502603e-08,"result":"PASS"}
{"mode":"baseline","order":7,"n0":256,"n1":0,"q_scale":1.0,"gpu_us":67.347962,"nonfinite":0,"padding_changes":0,"baseline_bit_mismatches":0,"fp64_misses":0,"fp64_max_abs":5.18502603e-08,"result":"PASS"}
{"mode":"baseline","order":0,"n0":257,"n1":0,"q_scale":1.0,"gpu_us":80.522995,"nonfinite":0,"padding_changes":0,"baseline_bit_mismatches":0,"fp64_misses":0,"fp64_max_abs":4.39548457e-08,"result":"PASS"}
{"mode":"kvec4","order":1,"n0":257,"n1":0,"q_scale":1.0,"gpu_us":63.029757,"nonfinite":0,"padding_changes":0,"baseline_bit_mismatches":0,"fp64_misses":0,"fp64_max_abs":4.39548457e-08,"result":"PASS"}
{"mode":"v8","order":2,"n0":257,"n1":0,"q_scale":1.0,"gpu_us":42.550847,"nonfinite":0,"padding_changes":0,"baseline_bit_mismatches":0,"fp64_misses":0,"fp64_max_abs":4.39548457e-08,"result":"PASS"}
{"mode":"kv8","order":3,"n0":257,"n1":0,"q_scale":1.0,"gpu_us":24.827172,"nonfinite":0,"padding_changes":0,"baseline_bit_mismatches":0,"fp64_misses":0,"fp64_max_abs":4.39548457e-08,"result":"PASS"}
{"mode":"kv8","order":4,"n0":257,"n1":0,"q_scale":1.0,"gpu_us":24.536620,"nonfinite":0,"padding_changes":0,"baseline_bit_mismatches":0,"fp64_misses":0,"fp64_max_abs":4.39548457e-08,"result":"PASS"}
{"mode":"v8","order":5,"n0":257,"n1":0,"q_scale":1.0,"gpu_us":42.290352,"nonfinite":0,"padding_changes":0,"baseline_bit_mismatches":0,"fp64_misses":0,"fp64_max_abs":4.39548457e-08,"result":"PASS"}
{"mode":"kvec4","order":6,"n0":257,"n1":0,"q_scale":1.0,"gpu_us":63.099891,"nonfinite":0,"padding_changes":0,"baseline_bit_mismatches":0,"fp64_misses":0,"fp64_max_abs":4.39548457e-08,"result":"PASS"}
{"mode":"baseline","order":7,"n0":257,"n1":0,"q_scale":1.0,"gpu_us":81.374613,"nonfinite":0,"padding_changes":0,"baseline_bit_mismatches":0,"fp64_misses":0,"fp64_max_abs":4.39548457e-08,"result":"PASS"}
{"mode":"baseline","order":0,"n0":1025,"n1":0,"q_scale":1.0,"gpu_us":274.501556,"nonfinite":0,"padding_changes":0,"baseline_bit_mismatches":0,"fp64_misses":0,"fp64_max_abs":4.69549851e-08,"result":"PASS"}
{"mode":"kvec4","order":1,"n0":1025,"n1":0,"q_scale":1.0,"gpu_us":230.307587,"nonfinite":0,"padding_changes":0,"baseline_bit_mismatches":0,"fp64_misses":0,"fp64_max_abs":4.69549851e-08,"result":"PASS"}
{"mode":"v8","order":2,"n0":1025,"n1":0,"q_scale":1.0,"gpu_us":122.853423,"nonfinite":0,"padding_changes":0,"baseline_bit_mismatches":0,"fp64_misses":0,"fp64_max_abs":4.69549851e-08,"result":"PASS"}
{"mode":"kv8","order":3,"n0":1025,"n1":0,"q_scale":1.0,"gpu_us":75.363191,"nonfinite":0,"padding_changes":0,"baseline_bit_mismatches":0,"fp64_misses":0,"fp64_max_abs":4.69549851e-08,"result":"PASS"}
{"mode":"kv8","order":4,"n0":1025,"n1":0,"q_scale":1.0,"gpu_us":77.978159,"nonfinite":0,"padding_changes":0,"baseline_bit_mismatches":0,"fp64_misses":0,"fp64_max_abs":4.69549851e-08,"result":"PASS"}
{"mode":"v8","order":5,"n0":1025,"n1":0,"q_scale":1.0,"gpu_us":120.709349,"nonfinite":0,"padding_changes":0,"baseline_bit_mismatches":0,"fp64_misses":0,"fp64_max_abs":4.69549851e-08,"result":"PASS"}
{"mode":"kvec4","order":6,"n0":1025,"n1":0,"q_scale":1.0,"gpu_us":229.716464,"nonfinite":0,"padding_changes":0,"baseline_bit_mismatches":0,"fp64_misses":0,"fp64_max_abs":4.69549851e-08,"result":"PASS"}
{"mode":"baseline","order":7,"n0":1025,"n1":0,"q_scale":1.0,"gpu_us":275.763955,"nonfinite":0,"padding_changes":0,"baseline_bit_mismatches":0,"fp64_misses":0,"fp64_max_abs":4.69549851e-08,"result":"PASS"}
{"mode":"baseline","order":0,"n0":2048,"n1":0,"q_scale":1.0,"gpu_us":522.993694,"nonfinite":0,"padding_changes":0,"baseline_bit_mismatches":0,"fp64_misses":0,"fp64_max_abs":5.34666227e-08,"result":"PASS"}
{"mode":"kvec4","order":1,"n0":2048,"n1":0,"q_scale":1.0,"gpu_us":445.486430,"nonfinite":0,"padding_changes":0,"baseline_bit_mismatches":0,"fp64_misses":0,"fp64_max_abs":5.34666227e-08,"result":"PASS"}
{"mode":"v8","order":2,"n0":2048,"n1":0,"q_scale":1.0,"gpu_us":212.523798,"nonfinite":0,"padding_changes":0,"baseline_bit_mismatches":0,"fp64_misses":0,"fp64_max_abs":5.34666227e-08,"result":"PASS"}
{"mode":"kv8","order":3,"n0":2048,"n1":0,"q_scale":1.0,"gpu_us":135.838094,"nonfinite":0,"padding_changes":0,"baseline_bit_mismatches":0,"fp64_misses":0,"fp64_max_abs":5.34666227e-08,"result":"PASS"}
{"mode":"kv8","order":4,"n0":2048,"n1":0,"q_scale":1.0,"gpu_us":136.008418,"nonfinite":0,"padding_changes":0,"baseline_bit_mismatches":0,"fp64_misses":0,"fp64_max_abs":5.34666227e-08,"result":"PASS"}
{"mode":"v8","order":5,"n0":2048,"n1":0,"q_scale":1.0,"gpu_us":211.101095,"nonfinite":0,"padding_changes":0,"baseline_bit_mismatches":0,"fp64_misses":0,"fp64_max_abs":5.34666227e-08,"result":"PASS"}
{"mode":"kvec4","order":6,"n0":2048,"n1":0,"q_scale":1.0,"gpu_us":445.927267,"nonfinite":0,"padding_changes":0,"baseline_bit_mismatches":0,"fp64_misses":0,"fp64_max_abs":5.34666227e-08,"result":"PASS"}
{"mode":"baseline","order":7,"n0":2048,"n1":0,"q_scale":1.0,"gpu_us":523.003714,"nonfinite":0,"padding_changes":0,"baseline_bit_mismatches":0,"fp64_misses":0,"fp64_max_abs":5.34666227e-08,"result":"PASS"}
{"mode":"baseline","order":0,"n0":8192,"n1":0,"q_scale":1.0,"gpu_us":2122.733219,"nonfinite":0,"padding_changes":0,"baseline_bit_mismatches":0,"fp64_misses":0,"fp64_max_abs":5.81070179e-08,"result":"PASS"}
{"mode":"kvec4","order":1,"n0":8192,"n1":0,"q_scale":1.0,"gpu_us":1797.635530,"nonfinite":0,"padding_changes":0,"baseline_bit_mismatches":0,"fp64_misses":0,"fp64_max_abs":5.81070179e-08,"result":"PASS"}
{"mode":"v8","order":2,"n0":8192,"n1":0,"q_scale":1.0,"gpu_us":853.922463,"nonfinite":0,"padding_changes":0,"baseline_bit_mismatches":0,"fp64_misses":0,"fp64_max_abs":5.81070179e-08,"result":"PASS"}
{"mode":"kv8","order":3,"n0":8192,"n1":0,"q_scale":1.0,"gpu_us":555.655753,"nonfinite":0,"padding_changes":0,"baseline_bit_mismatches":0,"fp64_misses":0,"fp64_max_abs":5.81070179e-08,"result":"PASS"}
{"mode":"kv8","order":4,"n0":8192,"n1":0,"q_scale":1.0,"gpu_us":549.754540,"nonfinite":0,"padding_changes":0,"baseline_bit_mismatches":0,"fp64_misses":0,"fp64_max_abs":5.81070179e-08,"result":"PASS"}
{"mode":"v8","order":5,"n0":8192,"n1":0,"q_scale":1.0,"gpu_us":857.098498,"nonfinite":0,"padding_changes":0,"baseline_bit_mismatches":0,"fp64_misses":0,"fp64_max_abs":5.81070179e-08,"result":"PASS"}
{"mode":"kvec4","order":6,"n0":8192,"n1":0,"q_scale":1.0,"gpu_us":1852.309411,"nonfinite":0,"padding_changes":0,"baseline_bit_mismatches":0,"fp64_misses":0,"fp64_max_abs":5.81070179e-08,"result":"PASS"}
{"mode":"baseline","order":7,"n0":8192,"n1":0,"q_scale":1.0,"gpu_us":2180.913763,"nonfinite":0,"padding_changes":0,"baseline_bit_mismatches":0,"fp64_misses":0,"fp64_max_abs":5.81070179e-08,"result":"PASS"}
{"mode":"baseline","order":0,"n0":16384,"n1":0,"q_scale":1.0,"gpu_us":6389.460053,"nonfinite":0,"padding_changes":0,"baseline_bit_mismatches":0,"fp64_misses":0,"fp64_max_abs":4.57050633e-08,"result":"PASS"}
{"mode":"kvec4","order":1,"n0":16384,"n1":0,"q_scale":1.0,"gpu_us":5542.971715,"nonfinite":0,"padding_changes":0,"baseline_bit_mismatches":0,"fp64_misses":0,"fp64_max_abs":4.57050633e-08,"result":"PASS"}
{"mode":"v8","order":2,"n0":16384,"n1":0,"q_scale":1.0,"gpu_us":2070.634231,"nonfinite":0,"padding_changes":0,"baseline_bit_mismatches":0,"fp64_misses":0,"fp64_max_abs":4.57050633e-08,"result":"PASS"}
{"mode":"kv8","order":3,"n0":16384,"n1":0,"q_scale":1.0,"gpu_us":1459.342769,"nonfinite":0,"padding_changes":0,"baseline_bit_mismatches":0,"fp64_misses":0,"fp64_max_abs":4.57050633e-08,"result":"PASS"}
{"mode":"kv8","order":4,"n0":16384,"n1":0,"q_scale":1.0,"gpu_us":1475.884198,"nonfinite":0,"padding_changes":0,"baseline_bit_mismatches":0,"fp64_misses":0,"fp64_max_abs":4.57050633e-08,"result":"PASS"}
{"mode":"v8","order":5,"n0":16384,"n1":0,"q_scale":1.0,"gpu_us":2072.327448,"nonfinite":0,"padding_changes":0,"baseline_bit_mismatches":0,"fp64_misses":0,"fp64_max_abs":4.57050633e-08,"result":"PASS"}
{"mode":"kvec4","order":6,"n0":16384,"n1":0,"q_scale":1.0,"gpu_us":5296.062584,"nonfinite":0,"padding_changes":0,"baseline_bit_mismatches":0,"fp64_misses":0,"fp64_max_abs":4.57050633e-08,"result":"PASS"}
{"mode":"baseline","order":7,"n0":16384,"n1":0,"q_scale":1.0,"gpu_us":6646.718848,"nonfinite":0,"padding_changes":0,"baseline_bit_mismatches":0,"fp64_misses":0,"fp64_max_abs":4.57050633e-08,"result":"PASS"}
{"mode":"baseline","order":0,"n0":16433,"n1":0,"q_scale":1.0,"gpu_us":5917.202759,"nonfinite":0,"padding_changes":0,"baseline_bit_mismatches":0,"fp64_misses":0,"fp64_max_abs":4.52966914e-08,"result":"PASS"}
{"mode":"kvec4","order":1,"n0":16433,"n1":0,"q_scale":1.0,"gpu_us":5319.657415,"nonfinite":0,"padding_changes":0,"baseline_bit_mismatches":0,"fp64_misses":0,"fp64_max_abs":4.52966914e-08,"result":"PASS"}
{"mode":"v8","order":2,"n0":16433,"n1":0,"q_scale":1.0,"gpu_us":2105.280058,"nonfinite":0,"padding_changes":0,"baseline_bit_mismatches":0,"fp64_misses":0,"fp64_max_abs":4.52966914e-08,"result":"PASS"}
{"mode":"kv8","order":3,"n0":16433,"n1":0,"q_scale":1.0,"gpu_us":1489.129364,"nonfinite":0,"padding_changes":0,"baseline_bit_mismatches":0,"fp64_misses":0,"fp64_max_abs":4.52966914e-08,"result":"PASS"}
{"mode":"kv8","order":4,"n0":16433,"n1":0,"q_scale":1.0,"gpu_us":1490.972867,"nonfinite":0,"padding_changes":0,"baseline_bit_mismatches":0,"fp64_misses":0,"fp64_max_abs":4.52966914e-08,"result":"PASS"}
{"mode":"v8","order":5,"n0":16433,"n1":0,"q_scale":1.0,"gpu_us":2100.180369,"nonfinite":0,"padding_changes":0,"baseline_bit_mismatches":0,"fp64_misses":0,"fp64_max_abs":4.52966914e-08,"result":"PASS"}
{"mode":"kvec4","order":6,"n0":16433,"n1":0,"q_scale":1.0,"gpu_us":5301.893664,"nonfinite":0,"padding_changes":0,"baseline_bit_mismatches":0,"fp64_misses":0,"fp64_max_abs":4.52966914e-08,"result":"PASS"}
{"mode":"baseline","order":7,"n0":16433,"n1":0,"q_scale":1.0,"gpu_us":5889.830751,"nonfinite":0,"padding_changes":0,"baseline_bit_mismatches":0,"fp64_misses":0,"fp64_max_abs":4.52966914e-08,"result":"PASS"}
{"mode":"baseline","order":0,"n0":32768,"n1":0,"q_scale":1.0,"gpu_us":13690.602314,"nonfinite":0,"padding_changes":0,"baseline_bit_mismatches":0,"fp64_misses":0,"fp64_max_abs":4.46569391e-08,"result":"PASS"}
{"mode":"kvec4","order":1,"n0":32768,"n1":0,"q_scale":1.0,"gpu_us":12546.849169,"nonfinite":0,"padding_changes":0,"baseline_bit_mismatches":0,"fp64_misses":0,"fp64_max_abs":4.46569391e-08,"result":"PASS"}
{"mode":"v8","order":2,"n0":32768,"n1":0,"q_scale":1.0,"gpu_us":4115.619728,"nonfinite":0,"padding_changes":0,"baseline_bit_mismatches":0,"fp64_misses":0,"fp64_max_abs":4.46569391e-08,"result":"PASS"}
{"mode":"kv8","order":3,"n0":32768,"n1":0,"q_scale":1.0,"gpu_us":2935.737938,"nonfinite":0,"padding_changes":0,"baseline_bit_mismatches":0,"fp64_misses":0,"fp64_max_abs":4.46569391e-08,"result":"PASS"}
{"mode":"kv8","order":4,"n0":32768,"n1":0,"q_scale":1.0,"gpu_us":2926.720806,"nonfinite":0,"padding_changes":0,"baseline_bit_mismatches":0,"fp64_misses":0,"fp64_max_abs":4.46569391e-08,"result":"PASS"}
{"mode":"v8","order":5,"n0":32768,"n1":0,"q_scale":1.0,"gpu_us":4130.067179,"nonfinite":0,"padding_changes":0,"baseline_bit_mismatches":0,"fp64_misses":0,"fp64_max_abs":4.46569391e-08,"result":"PASS"}
{"mode":"kvec4","order":6,"n0":32768,"n1":0,"q_scale":1.0,"gpu_us":11623.504803,"nonfinite":0,"padding_changes":0,"baseline_bit_mismatches":0,"fp64_misses":0,"fp64_max_abs":4.46569391e-08,"result":"PASS"}
{"mode":"baseline","order":7,"n0":32768,"n1":0,"q_scale":1.0,"gpu_us":11804.368446,"nonfinite":0,"padding_changes":0,"baseline_bit_mismatches":0,"fp64_misses":0,"fp64_max_abs":4.46569391e-08,"result":"PASS"}
{"mode":"baseline","order":0,"n0":257,"n1":16433,"q_scale":1.0,"gpu_us":5989.510143,"nonfinite":0,"padding_changes":0,"baseline_bit_mismatches":0,"fp64_misses":0,"fp64_max_abs":5.82146617e-08,"result":"PASS"}
{"mode":"kvec4","order":1,"n0":257,"n1":16433,"q_scale":1.0,"gpu_us":5338.132518,"nonfinite":0,"padding_changes":0,"baseline_bit_mismatches":0,"fp64_misses":0,"fp64_max_abs":5.82146617e-08,"result":"PASS"}
{"mode":"v8","order":2,"n0":257,"n1":16433,"q_scale":1.0,"gpu_us":2137.801850,"nonfinite":0,"padding_changes":0,"baseline_bit_mismatches":0,"fp64_misses":0,"fp64_max_abs":5.82146617e-08,"result":"PASS"}
{"mode":"kv8","order":3,"n0":257,"n1":16433,"q_scale":1.0,"gpu_us":1491.083076,"nonfinite":0,"padding_changes":0,"baseline_bit_mismatches":0,"fp64_misses":0,"fp64_max_abs":5.82146617e-08,"result":"PASS"}
{"mode":"kv8","order":4,"n0":257,"n1":16433,"q_scale":1.0,"gpu_us":1520.809557,"nonfinite":0,"padding_changes":0,"baseline_bit_mismatches":0,"fp64_misses":0,"fp64_max_abs":5.82146617e-08,"result":"PASS"}
{"mode":"v8","order":5,"n0":257,"n1":16433,"q_scale":1.0,"gpu_us":2170.003033,"nonfinite":0,"padding_changes":0,"baseline_bit_mismatches":0,"fp64_misses":0,"fp64_max_abs":5.82146617e-08,"result":"PASS"}
{"mode":"kvec4","order":6,"n0":257,"n1":16433,"q_scale":1.0,"gpu_us":6607.704721,"nonfinite":0,"padding_changes":0,"baseline_bit_mismatches":0,"fp64_misses":0,"fp64_max_abs":5.82146617e-08,"result":"PASS"}
{"mode":"baseline","order":7,"n0":257,"n1":16433,"q_scale":1.0,"gpu_us":5933.082931,"nonfinite":0,"padding_changes":0,"baseline_bit_mismatches":0,"fp64_misses":0,"fp64_max_abs":5.82146617e-08,"result":"PASS"}
{"mode":"baseline","order":0,"n0":1025,"n1":0,"q_scale":16.0,"gpu_us":274.691918,"nonfinite":0,"padding_changes":0,"baseline_bit_mismatches":0,"fp64_misses":0,"fp64_max_abs":4.59532229e-06,"result":"PASS"}
{"mode":"kvec4","order":1,"n0":1025,"n1":0,"q_scale":16.0,"gpu_us":230.558063,"nonfinite":0,"padding_changes":0,"baseline_bit_mismatches":0,"fp64_misses":0,"fp64_max_abs":4.59532229e-06,"result":"PASS"}
{"mode":"v8","order":2,"n0":1025,"n1":0,"q_scale":16.0,"gpu_us":121.631101,"nonfinite":0,"padding_changes":0,"baseline_bit_mismatches":0,"fp64_misses":0,"fp64_max_abs":4.59532229e-06,"result":"PASS"}
{"mode":"kv8","order":3,"n0":1025,"n1":0,"q_scale":16.0,"gpu_us":76.244866,"nonfinite":0,"padding_changes":0,"baseline_bit_mismatches":0,"fp64_misses":0,"fp64_max_abs":4.59532229e-06,"result":"PASS"}
{"mode":"kv8","order":4,"n0":1025,"n1":0,"q_scale":16.0,"gpu_us":76.625590,"nonfinite":0,"padding_changes":0,"baseline_bit_mismatches":0,"fp64_misses":0,"fp64_max_abs":4.59532229e-06,"result":"PASS"}
{"mode":"v8","order":5,"n0":1025,"n1":0,"q_scale":16.0,"gpu_us":121.070035,"nonfinite":0,"padding_changes":0,"baseline_bit_mismatches":0,"fp64_misses":0,"fp64_max_abs":4.59532229e-06,"result":"PASS"}
{"mode":"kvec4","order":6,"n0":1025,"n1":0,"q_scale":16.0,"gpu_us":230.457873,"nonfinite":0,"padding_changes":0,"baseline_bit_mismatches":0,"fp64_misses":0,"fp64_max_abs":4.59532229e-06,"result":"PASS"}
{"mode":"baseline","order":7,"n0":1025,"n1":0,"q_scale":16.0,"gpu_us":274.291157,"nonfinite":0,"padding_changes":0,"baseline_bit_mismatches":0,"fp64_misses":0,"fp64_max_abs":4.59532229e-06,"result":"PASS"}
{"mode":"baseline","order":0,"n0":257,"n1":0,"q_scale":128.0,"gpu_us":82.025850,"nonfinite":0,"padding_changes":0,"baseline_bit_mismatches":0,"fp64_misses":0,"fp64_max_abs":1.38608608e-07,"result":"PASS"}
{"mode":"kvec4","order":1,"n0":257,"n1":0,"q_scale":128.0,"gpu_us":64.131851,"nonfinite":0,"padding_changes":0,"baseline_bit_mismatches":0,"fp64_misses":0,"fp64_max_abs":1.38608608e-07,"result":"PASS"}
{"mode":"v8","order":2,"n0":257,"n1":0,"q_scale":128.0,"gpu_us":42.180143,"nonfinite":0,"padding_changes":0,"baseline_bit_mismatches":0,"fp64_misses":0,"fp64_max_abs":1.38608608e-07,"result":"PASS"}
{"mode":"kv8","order":3,"n0":257,"n1":0,"q_scale":128.0,"gpu_us":25.147781,"nonfinite":0,"padding_changes":0,"baseline_bit_mismatches":0,"fp64_misses":0,"fp64_max_abs":1.38608608e-07,"result":"PASS"}
{"mode":"kv8","order":4,"n0":257,"n1":0,"q_scale":128.0,"gpu_us":25.207895,"nonfinite":0,"padding_changes":0,"baseline_bit_mismatches":0,"fp64_misses":0,"fp64_max_abs":1.38608608e-07,"result":"PASS"}
{"mode":"v8","order":5,"n0":257,"n1":0,"q_scale":128.0,"gpu_us":42.280333,"nonfinite":0,"padding_changes":0,"baseline_bit_mismatches":0,"fp64_misses":0,"fp64_max_abs":1.38608608e-07,"result":"PASS"}
{"mode":"kvec4","order":6,"n0":257,"n1":0,"q_scale":128.0,"gpu_us":63.109910,"nonfinite":0,"padding_changes":0,"baseline_bit_mismatches":0,"fp64_misses":0,"fp64_max_abs":1.38608608e-07,"result":"PASS"}
{"mode":"baseline","order":7,"n0":257,"n1":0,"q_scale":128.0,"gpu_us":81.564974,"nonfinite":0,"padding_changes":0,"baseline_bit_mismatches":0,"fp64_misses":0,"fp64_max_abs":1.38608608e-07,"result":"PASS"}
{"mode":"baseline","order":0,"n0":127,"n1":0,"q_scale":1.0,"gpu_us":41.979762,"nonfinite":0,"padding_changes":0,"baseline_bit_mismatches":0,"fp64_misses":0,"fp64_max_abs":6.74537132e-08,"result":"PASS"}
{"mode":"kvec4","order":1,"n0":127,"n1":0,"q_scale":1.0,"gpu_us":32.261297,"nonfinite":0,"padding_changes":0,"baseline_bit_mismatches":0,"fp64_misses":0,"fp64_max_abs":6.74537132e-08,"result":"PASS"}
{"mode":"v8","order":2,"n0":127,"n1":0,"q_scale":1.0,"gpu_us":23.955516,"nonfinite":0,"padding_changes":0,"baseline_bit_mismatches":0,"fp64_misses":0,"fp64_max_abs":6.74537132e-08,"result":"PASS"}
{"mode":"kv8","order":3,"n0":127,"n1":0,"q_scale":1.0,"gpu_us":13.976556,"nonfinite":0,"padding_changes":0,"baseline_bit_mismatches":0,"fp64_misses":0,"fp64_max_abs":6.74537132e-08,"result":"PASS"}
{"mode":"kv8","order":4,"n0":127,"n1":0,"q_scale":1.0,"gpu_us":13.826270,"nonfinite":0,"padding_changes":0,"baseline_bit_mismatches":0,"fp64_misses":0,"fp64_max_abs":6.74537132e-08,"result":"PASS"}
{"mode":"v8","order":5,"n0":127,"n1":0,"q_scale":1.0,"gpu_us":23.835287,"nonfinite":0,"padding_changes":0,"baseline_bit_mismatches":0,"fp64_misses":0,"fp64_max_abs":6.74537132e-08,"result":"PASS"}
{"mode":"kvec4","order":6,"n0":127,"n1":0,"q_scale":1.0,"gpu_us":32.271316,"nonfinite":0,"padding_changes":0,"baseline_bit_mismatches":0,"fp64_misses":0,"fp64_max_abs":6.74537132e-08,"result":"PASS"}
{"mode":"baseline","order":7,"n0":127,"n1":0,"q_scale":1.0,"gpu_us":41.919648,"nonfinite":0,"padding_changes":0,"baseline_bit_mismatches":0,"fp64_misses":0,"fp64_max_abs":6.74537132e-08,"result":"PASS"}
