vk device 0: AMD Radeon RX 7900 XTX (RADV NAVI31) [0000:68:00.0] vram=24560 MiB
vk device 1: Radeon 8060S Graphics (RADV STRIX_HALO) [0000:c1:00.0] vram=72362 MiB (not discrete)
vk device 2: llvmpipe (LLVM 21.1.8, 256 bits) [?] vram=124123 MiB (not discrete)
device: Radeon 8060S Graphics (RADV STRIX_HALO) [0000:c1:00.0]
cooperative matrix: KHR f16acc=yes f32acc=yes shape=16x16x16 subgroup=64
decode operator memory: type 0 heap 1 [DL]; staged=yes; repetitions=4; synthetic only
{"mode":"baseline","order":0,"n0":1,"n1":0,"q_scale":1.0,"gpu_us":14.657850,"nonfinite":0,"padding_changes":0,"baseline_bit_mismatches":0,"fp64_misses":0,"fp64_max_abs":8.93549136e-08,"result":"PASS"}
{"mode":"transpose","order":1,"n0":1,"n1":0,"q_scale":1.0,"gpu_us":70.544035,"nonfinite":0,"padding_changes":0,"baseline_bit_mismatches":0,"fp64_misses":0,"fp64_max_abs":8.93549136e-08,"result":"PASS"}
{"mode":"pad16","order":2,"n0":1,"n1":0,"q_scale":1.0,"gpu_us":48.662459,"nonfinite":0,"padding_changes":0,"baseline_bit_mismatches":0,"fp64_misses":0,"fp64_max_abs":8.93549136e-08,"result":"PASS"}
{"mode":"pad32","order":3,"n0":1,"n1":0,"q_scale":1.0,"gpu_us":48.251679,"nonfinite":0,"padding_changes":0,"baseline_bit_mismatches":0,"fp64_misses":0,"fp64_max_abs":8.93549136e-08,"result":"PASS"}
{"mode":"pad32","order":4,"n0":1,"n1":0,"q_scale":1.0,"gpu_us":48.592326,"nonfinite":0,"padding_changes":0,"baseline_bit_mismatches":0,"fp64_misses":0,"fp64_max_abs":8.93549136e-08,"result":"PASS"}
{"mode":"pad16","order":5,"n0":1,"n1":0,"q_scale":1.0,"gpu_us":47.580403,"nonfinite":0,"padding_changes":0,"baseline_bit_mismatches":0,"fp64_misses":0,"fp64_max_abs":8.93549136e-08,"result":"PASS"}
{"mode":"transpose","order":6,"n0":1,"n1":0,"q_scale":1.0,"gpu_us":67.848914,"nonfinite":0,"padding_changes":0,"baseline_bit_mismatches":0,"fp64_misses":0,"fp64_max_abs":8.93549136e-08,"result":"PASS"}
{"mode":"baseline","order":7,"n0":1,"n1":0,"q_scale":1.0,"gpu_us":14.477507,"nonfinite":0,"padding_changes":0,"baseline_bit_mismatches":0,"fp64_misses":0,"fp64_max_abs":8.93549136e-08,"result":"PASS"}
{"mode":"baseline","order":0,"n0":2,"n1":0,"q_scale":1.0,"gpu_us":14.868250,"nonfinite":0,"padding_changes":0,"baseline_bit_mismatches":0,"fp64_misses":0,"fp64_max_abs":1.10428539e-07,"result":"PASS"}
{"mode":"transpose","order":1,"n0":2,"n1":0,"q_scale":1.0,"gpu_us":68.009218,"nonfinite":0,"padding_changes":0,"baseline_bit_mismatches":0,"fp64_misses":0,"fp64_max_abs":1.10428539e-07,"result":"PASS"}
{"mode":"pad16","order":2,"n0":2,"n1":0,"q_scale":1.0,"gpu_us":46.859033,"nonfinite":0,"padding_changes":0,"baseline_bit_mismatches":0,"fp64_misses":0,"fp64_max_abs":1.10428539e-07,"result":"PASS"}
{"mode":"pad32","order":3,"n0":2,"n1":0,"q_scale":1.0,"gpu_us":50.105201,"nonfinite":0,"padding_changes":0,"baseline_bit_mismatches":0,"fp64_misses":0,"fp64_max_abs":1.10428539e-07,"result":"PASS"}
{"mode":"pad32","order":4,"n0":2,"n1":0,"q_scale":1.0,"gpu_us":48.281736,"nonfinite":0,"padding_changes":0,"baseline_bit_mismatches":0,"fp64_misses":0,"fp64_max_abs":1.10428539e-07,"result":"PASS"}
{"mode":"pad16","order":5,"n0":2,"n1":0,"q_scale":1.0,"gpu_us":48.692516,"nonfinite":0,"padding_changes":0,"baseline_bit_mismatches":0,"fp64_misses":0,"fp64_max_abs":1.10428539e-07,"result":"PASS"}
{"mode":"transpose","order":6,"n0":2,"n1":0,"q_scale":1.0,"gpu_us":68.880875,"nonfinite":0,"padding_changes":0,"baseline_bit_mismatches":0,"fp64_misses":0,"fp64_max_abs":1.10428539e-07,"result":"PASS"}
{"mode":"baseline","order":7,"n0":2,"n1":0,"q_scale":1.0,"gpu_us":14.898307,"nonfinite":0,"padding_changes":0,"baseline_bit_mismatches":0,"fp64_misses":0,"fp64_max_abs":1.10428539e-07,"result":"PASS"}
{"mode":"baseline","order":0,"n0":63,"n1":0,"q_scale":1.0,"gpu_us":29.285643,"nonfinite":0,"padding_changes":0,"baseline_bit_mismatches":0,"fp64_misses":0,"fp64_max_abs":7.95311344e-08,"result":"PASS"}
{"mode":"transpose","order":1,"n0":63,"n1":0,"q_scale":1.0,"gpu_us":81.645127,"nonfinite":0,"padding_changes":0,"baseline_bit_mismatches":0,"fp64_misses":0,"fp64_max_abs":7.95311344e-08,"result":"PASS"}
{"mode":"pad16","order":2,"n0":63,"n1":0,"q_scale":1.0,"gpu_us":59.573190,"nonfinite":0,"padding_changes":0,"baseline_bit_mismatches":0,"fp64_misses":0,"fp64_max_abs":7.95311344e-08,"result":"PASS"}
{"mode":"pad32","order":3,"n0":63,"n1":0,"q_scale":1.0,"gpu_us":59.753532,"nonfinite":0,"padding_changes":0,"baseline_bit_mismatches":0,"fp64_misses":0,"fp64_max_abs":7.95311344e-08,"result":"PASS"}
{"mode":"pad32","order":4,"n0":63,"n1":0,"q_scale":1.0,"gpu_us":58.200582,"nonfinite":0,"padding_changes":0,"baseline_bit_mismatches":0,"fp64_misses":0,"fp64_max_abs":7.95311344e-08,"result":"PASS"}
{"mode":"pad16","order":5,"n0":63,"n1":0,"q_scale":1.0,"gpu_us":59.322714,"nonfinite":0,"padding_changes":0,"baseline_bit_mismatches":0,"fp64_misses":0,"fp64_max_abs":7.95311344e-08,"result":"PASS"}
{"mode":"transpose","order":6,"n0":63,"n1":0,"q_scale":1.0,"gpu_us":82.005812,"nonfinite":0,"padding_changes":0,"baseline_bit_mismatches":0,"fp64_misses":0,"fp64_max_abs":7.95311344e-08,"result":"PASS"}
{"mode":"baseline","order":7,"n0":63,"n1":0,"q_scale":1.0,"gpu_us":29.516081,"nonfinite":0,"padding_changes":0,"baseline_bit_mismatches":0,"fp64_misses":0,"fp64_max_abs":7.95311344e-08,"result":"PASS"}
{"mode":"baseline","order":0,"n0":64,"n1":0,"q_scale":1.0,"gpu_us":29.636309,"nonfinite":0,"padding_changes":0,"baseline_bit_mismatches":0,"fp64_misses":0,"fp64_max_abs":7.03753725e-08,"result":"PASS"}
{"mode":"transpose","order":1,"n0":64,"n1":0,"q_scale":1.0,"gpu_us":82.005812,"nonfinite":0,"padding_changes":0,"baseline_bit_mismatches":0,"fp64_misses":0,"fp64_max_abs":7.03753725e-08,"result":"PASS"}
{"mode":"pad16","order":2,"n0":64,"n1":0,"q_scale":1.0,"gpu_us":59.793609,"nonfinite":0,"padding_changes":0,"baseline_bit_mismatches":0,"fp64_misses":0,"fp64_max_abs":7.03753725e-08,"result":"PASS"}
{"mode":"pad32","order":3,"n0":64,"n1":0,"q_scale":1.0,"gpu_us":58.040277,"nonfinite":0,"padding_changes":0,"baseline_bit_mismatches":0,"fp64_misses":0,"fp64_max_abs":7.03753725e-08,"result":"PASS"}
{"mode":"pad32","order":4,"n0":64,"n1":0,"q_scale":1.0,"gpu_us":59.703437,"nonfinite":0,"padding_changes":0,"baseline_bit_mismatches":0,"fp64_misses":0,"fp64_max_abs":7.03753725e-08,"result":"PASS"}
{"mode":"pad16","order":5,"n0":64,"n1":0,"q_scale":1.0,"gpu_us":59.242562,"nonfinite":0,"padding_changes":0,"baseline_bit_mismatches":0,"fp64_misses":0,"fp64_max_abs":7.03753725e-08,"result":"PASS"}
{"mode":"transpose","order":6,"n0":64,"n1":0,"q_scale":1.0,"gpu_us":82.226231,"nonfinite":0,"padding_changes":0,"baseline_bit_mismatches":0,"fp64_misses":0,"fp64_max_abs":7.03753725e-08,"result":"PASS"}
{"mode":"baseline","order":7,"n0":64,"n1":0,"q_scale":1.0,"gpu_us":29.486024,"nonfinite":0,"padding_changes":0,"baseline_bit_mismatches":0,"fp64_misses":0,"fp64_max_abs":7.03753725e-08,"result":"PASS"}
{"mode":"baseline","order":0,"n0":65,"n1":0,"q_scale":1.0,"gpu_us":29.736500,"nonfinite":0,"padding_changes":0,"baseline_bit_mismatches":0,"fp64_misses":0,"fp64_max_abs":7.15309641e-08,"result":"PASS"}
{"mode":"transpose","order":1,"n0":65,"n1":0,"q_scale":1.0,"gpu_us":82.787297,"nonfinite":0,"padding_changes":0,"baseline_bit_mismatches":0,"fp64_misses":0,"fp64_max_abs":7.15309641e-08,"result":"PASS"}
{"mode":"pad16","order":2,"n0":65,"n1":0,"q_scale":1.0,"gpu_us":59.352771,"nonfinite":0,"padding_changes":0,"baseline_bit_mismatches":0,"fp64_misses":0,"fp64_max_abs":7.15309641e-08,"result":"PASS"}
{"mode":"pad32","order":3,"n0":65,"n1":0,"q_scale":1.0,"gpu_us":59.653342,"nonfinite":0,"padding_changes":0,"baseline_bit_mismatches":0,"fp64_misses":0,"fp64_max_abs":7.15309641e-08,"result":"PASS"}
{"mode":"pad32","order":4,"n0":65,"n1":0,"q_scale":1.0,"gpu_us":59.402866,"nonfinite":0,"padding_changes":0,"baseline_bit_mismatches":0,"fp64_misses":0,"fp64_max_abs":7.15309641e-08,"result":"PASS"}
{"mode":"pad16","order":5,"n0":65,"n1":0,"q_scale":1.0,"gpu_us":59.222524,"nonfinite":0,"padding_changes":0,"baseline_bit_mismatches":0,"fp64_misses":0,"fp64_max_abs":7.15309641e-08,"result":"PASS"}
{"mode":"transpose","order":6,"n0":65,"n1":0,"q_scale":1.0,"gpu_us":82.476707,"nonfinite":0,"padding_changes":0,"baseline_bit_mismatches":0,"fp64_misses":0,"fp64_max_abs":7.15309641e-08,"result":"PASS"}
{"mode":"baseline","order":7,"n0":65,"n1":0,"q_scale":1.0,"gpu_us":29.846709,"nonfinite":0,"padding_changes":0,"baseline_bit_mismatches":0,"fp64_misses":0,"fp64_max_abs":7.15309641e-08,"result":"PASS"}
{"mode":"baseline","order":0,"n0":255,"n1":0,"q_scale":1.0,"gpu_us":66.446249,"nonfinite":0,"padding_changes":0,"baseline_bit_mismatches":0,"fp64_misses":0,"fp64_max_abs":4.90653027e-08,"result":"PASS"}
{"mode":"transpose","order":1,"n0":255,"n1":0,"q_scale":1.0,"gpu_us":117.573391,"nonfinite":0,"padding_changes":0,"baseline_bit_mismatches":0,"fp64_misses":0,"fp64_max_abs":4.90653027e-08,"result":"PASS"}
{"mode":"pad16","order":2,"n0":255,"n1":0,"q_scale":1.0,"gpu_us":95.331130,"nonfinite":0,"padding_changes":0,"baseline_bit_mismatches":0,"fp64_misses":0,"fp64_max_abs":4.90653027e-08,"result":"PASS"}
{"mode":"pad32","order":3,"n0":255,"n1":0,"q_scale":1.0,"gpu_us":93.517685,"nonfinite":0,"padding_changes":0,"baseline_bit_mismatches":0,"fp64_misses":0,"fp64_max_abs":4.90653027e-08,"result":"PASS"}
{"mode":"pad32","order":4,"n0":255,"n1":0,"q_scale":1.0,"gpu_us":94.709950,"nonfinite":0,"padding_changes":0,"baseline_bit_mismatches":0,"fp64_misses":0,"fp64_max_abs":4.90653027e-08,"result":"PASS"}
{"mode":"pad16","order":5,"n0":255,"n1":0,"q_scale":1.0,"gpu_us":92.666067,"nonfinite":0,"padding_changes":0,"baseline_bit_mismatches":0,"fp64_misses":0,"fp64_max_abs":4.90653027e-08,"result":"PASS"}
{"mode":"transpose","order":6,"n0":255,"n1":0,"q_scale":1.0,"gpu_us":117.603448,"nonfinite":0,"padding_changes":0,"baseline_bit_mismatches":0,"fp64_misses":0,"fp64_max_abs":4.90653027e-08,"result":"PASS"}
{"mode":"baseline","order":7,"n0":255,"n1":0,"q_scale":1.0,"gpu_us":67.317905,"nonfinite":0,"padding_changes":0,"baseline_bit_mismatches":0,"fp64_misses":0,"fp64_max_abs":4.90653027e-08,"result":"PASS"}
{"mode":"baseline","order":0,"n0":256,"n1":0,"q_scale":1.0,"gpu_us":66.736801,"nonfinite":0,"padding_changes":0,"baseline_bit_mismatches":0,"fp64_misses":0,"fp64_max_abs":5.18502603e-08,"result":"PASS"}
{"mode":"transpose","order":1,"n0":256,"n1":0,"q_scale":1.0,"gpu_us":117.723676,"nonfinite":0,"padding_changes":0,"baseline_bit_mismatches":0,"fp64_misses":0,"fp64_max_abs":5.18502603e-08,"result":"PASS"}
{"mode":"pad16","order":2,"n0":256,"n1":0,"q_scale":1.0,"gpu_us":95.431321,"nonfinite":0,"padding_changes":0,"baseline_bit_mismatches":0,"fp64_misses":0,"fp64_max_abs":5.18502603e-08,"result":"PASS"}
{"mode":"pad32","order":3,"n0":256,"n1":0,"q_scale":1.0,"gpu_us":95.210902,"nonfinite":0,"padding_changes":0,"baseline_bit_mismatches":0,"fp64_misses":0,"fp64_max_abs":5.18502603e-08,"result":"PASS"}
{"mode":"pad32","order":4,"n0":256,"n1":0,"q_scale":1.0,"gpu_us":94.579703,"nonfinite":0,"padding_changes":0,"baseline_bit_mismatches":0,"fp64_misses":0,"fp64_max_abs":5.18502603e-08,"result":"PASS"}
{"mode":"pad16","order":5,"n0":256,"n1":0,"q_scale":1.0,"gpu_us":95.170826,"nonfinite":0,"padding_changes":0,"baseline_bit_mismatches":0,"fp64_misses":0,"fp64_max_abs":5.18502603e-08,"result":"PASS"}
{"mode":"transpose","order":6,"n0":256,"n1":0,"q_scale":1.0,"gpu_us":117.813848,"nonfinite":0,"padding_changes":0,"baseline_bit_mismatches":0,"fp64_misses":0,"fp64_max_abs":5.18502603e-08,"result":"PASS"}
{"mode":"baseline","order":7,"n0":256,"n1":0,"q_scale":1.0,"gpu_us":67.027353,"nonfinite":0,"padding_changes":0,"baseline_bit_mismatches":0,"fp64_misses":0,"fp64_max_abs":5.18502603e-08,"result":"PASS"}
{"mode":"baseline","order":0,"n0":257,"n1":0,"q_scale":1.0,"gpu_us":80.262500,"nonfinite":0,"padding_changes":0,"baseline_bit_mismatches":0,"fp64_misses":0,"fp64_max_abs":4.39548457e-08,"result":"PASS"}
{"mode":"transpose","order":1,"n0":257,"n1":0,"q_scale":1.0,"gpu_us":183.789202,"nonfinite":0,"padding_changes":0,"baseline_bit_mismatches":0,"fp64_misses":0,"fp64_max_abs":4.39548457e-08,"result":"PASS"}
{"mode":"pad16","order":2,"n0":257,"n1":0,"q_scale":1.0,"gpu_us":129.385835,"nonfinite":0,"padding_changes":0,"baseline_bit_mismatches":0,"fp64_misses":0,"fp64_max_abs":4.39548457e-08,"result":"PASS"}
{"mode":"pad32","order":3,"n0":257,"n1":0,"q_scale":1.0,"gpu_us":140.476908,"nonfinite":0,"padding_changes":0,"baseline_bit_mismatches":0,"fp64_misses":0,"fp64_max_abs":4.39548457e-08,"result":"PASS"}
{"mode":"pad32","order":4,"n0":257,"n1":0,"q_scale":1.0,"gpu_us":140.496946,"nonfinite":0,"padding_changes":0,"baseline_bit_mismatches":0,"fp64_misses":0,"fp64_max_abs":4.39548457e-08,"result":"PASS"}
{"mode":"pad16","order":5,"n0":257,"n1":0,"q_scale":1.0,"gpu_us":130.007015,"nonfinite":0,"padding_changes":0,"baseline_bit_mismatches":0,"fp64_misses":0,"fp64_max_abs":4.39548457e-08,"result":"PASS"}
{"mode":"transpose","order":6,"n0":257,"n1":0,"q_scale":1.0,"gpu_us":183.989582,"nonfinite":0,"padding_changes":0,"baseline_bit_mismatches":0,"fp64_misses":0,"fp64_max_abs":4.39548457e-08,"result":"PASS"}
{"mode":"baseline","order":7,"n0":257,"n1":0,"q_scale":1.0,"gpu_us":81.033966,"nonfinite":0,"padding_changes":0,"baseline_bit_mismatches":0,"fp64_misses":0,"fp64_max_abs":4.39548457e-08,"result":"PASS"}
{"mode":"baseline","order":0,"n0":1025,"n1":0,"q_scale":1.0,"gpu_us":273.920452,"nonfinite":0,"padding_changes":0,"baseline_bit_mismatches":0,"fp64_misses":0,"fp64_max_abs":4.69549851e-08,"result":"PASS"}
{"mode":"transpose","order":1,"n0":1025,"n1":0,"q_scale":1.0,"gpu_us":533.393454,"nonfinite":0,"padding_changes":0,"baseline_bit_mismatches":0,"fp64_misses":0,"fp64_max_abs":4.69549851e-08,"result":"PASS"}
{"mode":"pad16","order":2,"n0":1025,"n1":0,"q_scale":1.0,"gpu_us":411.010926,"nonfinite":0,"padding_changes":0,"baseline_bit_mismatches":0,"fp64_misses":0,"fp64_max_abs":4.69549851e-08,"result":"PASS"}
{"mode":"pad32","order":3,"n0":1025,"n1":0,"q_scale":1.0,"gpu_us":420.438839,"nonfinite":0,"padding_changes":0,"baseline_bit_mismatches":0,"fp64_misses":0,"fp64_max_abs":4.69549851e-08,"result":"PASS"}
{"mode":"pad32","order":4,"n0":1025,"n1":0,"q_scale":1.0,"gpu_us":419.466992,"nonfinite":0,"padding_changes":0,"baseline_bit_mismatches":0,"fp64_misses":0,"fp64_max_abs":4.69549851e-08,"result":"PASS"}
{"mode":"pad16","order":5,"n0":1025,"n1":0,"q_scale":1.0,"gpu_us":411.171230,"nonfinite":0,"padding_changes":0,"baseline_bit_mismatches":0,"fp64_misses":0,"fp64_max_abs":4.69549851e-08,"result":"PASS"}
{"mode":"transpose","order":6,"n0":1025,"n1":0,"q_scale":1.0,"gpu_us":533.694025,"nonfinite":0,"padding_changes":0,"baseline_bit_mismatches":0,"fp64_misses":0,"fp64_max_abs":4.69549851e-08,"result":"PASS"}
{"mode":"baseline","order":7,"n0":1025,"n1":0,"q_scale":1.0,"gpu_us":274.040681,"nonfinite":0,"padding_changes":0,"baseline_bit_mismatches":0,"fp64_misses":0,"fp64_max_abs":4.69549851e-08,"result":"PASS"}
{"mode":"baseline","order":0,"n0":16384,"n1":0,"q_scale":1.0,"gpu_us":5864.151961,"nonfinite":0,"padding_changes":0,"baseline_bit_mismatches":0,"fp64_misses":0,"fp64_max_abs":4.57050633e-08,"result":"PASS"}
{"mode":"transpose","order":1,"n0":16384,"n1":0,"q_scale":1.0,"gpu_us":9274.661973,"nonfinite":0,"padding_changes":0,"baseline_bit_mismatches":0,"fp64_misses":0,"fp64_max_abs":4.57050633e-08,"result":"PASS"}
{"mode":"pad16","order":2,"n0":16384,"n1":0,"q_scale":1.0,"gpu_us":8994.239166,"nonfinite":0,"padding_changes":0,"baseline_bit_mismatches":0,"fp64_misses":0,"fp64_max_abs":4.57050633e-08,"result":"PASS"}
{"mode":"pad32","order":3,"n0":16384,"n1":0,"q_scale":1.0,"gpu_us":9626.600660,"nonfinite":0,"padding_changes":0,"baseline_bit_mismatches":0,"fp64_misses":0,"fp64_max_abs":4.57050633e-08,"result":"PASS"}
{"mode":"pad32","order":4,"n0":16384,"n1":0,"q_scale":1.0,"gpu_us":9695.571706,"nonfinite":0,"padding_changes":0,"baseline_bit_mismatches":0,"fp64_misses":0,"fp64_max_abs":4.57050633e-08,"result":"PASS"}
{"mode":"pad16","order":5,"n0":16384,"n1":0,"q_scale":1.0,"gpu_us":9461.406790,"nonfinite":0,"padding_changes":0,"baseline_bit_mismatches":0,"fp64_misses":0,"fp64_max_abs":4.57050633e-08,"result":"PASS"}
{"mode":"transpose","order":6,"n0":16384,"n1":0,"q_scale":1.0,"gpu_us":8455.886289,"nonfinite":0,"padding_changes":0,"baseline_bit_mismatches":0,"fp64_misses":0,"fp64_max_abs":4.57050633e-08,"result":"PASS"}
{"mode":"baseline","order":7,"n0":16384,"n1":0,"q_scale":1.0,"gpu_us":5832.471769,"nonfinite":0,"padding_changes":0,"baseline_bit_mismatches":0,"fp64_misses":0,"fp64_max_abs":4.57050633e-08,"result":"PASS"}
{"mode":"baseline","order":0,"n0":16433,"n1":0,"q_scale":1.0,"gpu_us":5881.765427,"nonfinite":0,"padding_changes":0,"baseline_bit_mismatches":0,"fp64_misses":0,"fp64_max_abs":4.52966914e-08,"result":"PASS"}
{"mode":"transpose","order":1,"n0":16433,"n1":0,"q_scale":1.0,"gpu_us":10072.608080,"nonfinite":0,"padding_changes":0,"baseline_bit_mismatches":0,"fp64_misses":0,"fp64_max_abs":4.52966914e-08,"result":"PASS"}
{"mode":"pad16","order":2,"n0":16433,"n1":0,"q_scale":1.0,"gpu_us":10746.568613,"nonfinite":0,"padding_changes":0,"baseline_bit_mismatches":0,"fp64_misses":0,"fp64_max_abs":4.52966914e-08,"result":"PASS"}
{"mode":"pad32","order":3,"n0":16433,"n1":0,"q_scale":1.0,"gpu_us":9445.987493,"nonfinite":0,"padding_changes":0,"baseline_bit_mismatches":0,"fp64_misses":0,"fp64_max_abs":4.52966914e-08,"result":"PASS"}
{"mode":"pad32","order":4,"n0":16433,"n1":0,"q_scale":1.0,"gpu_us":11286.865184,"nonfinite":0,"padding_changes":0,"baseline_bit_mismatches":0,"fp64_misses":0,"fp64_max_abs":4.52966914e-08,"result":"PASS"}
{"mode":"pad16","order":5,"n0":16433,"n1":0,"q_scale":1.0,"gpu_us":11589.339889,"nonfinite":0,"padding_changes":0,"baseline_bit_mismatches":0,"fp64_misses":0,"fp64_max_abs":4.52966914e-08,"result":"PASS"}
{"mode":"transpose","order":6,"n0":16433,"n1":0,"q_scale":1.0,"gpu_us":9654.493658,"nonfinite":0,"padding_changes":0,"baseline_bit_mismatches":0,"fp64_misses":0,"fp64_max_abs":4.52966914e-08,"result":"PASS"}
{"mode":"baseline","order":7,"n0":16433,"n1":0,"q_scale":1.0,"gpu_us":5789.780655,"nonfinite":0,"padding_changes":0,"baseline_bit_mismatches":0,"fp64_misses":0,"fp64_max_abs":4.52966914e-08,"result":"PASS"}
{"mode":"baseline","order":0,"n0":32768,"n1":0,"q_scale":1.0,"gpu_us":11707.283985,"nonfinite":0,"padding_changes":0,"baseline_bit_mismatches":0,"fp64_misses":0,"fp64_max_abs":4.46569391e-08,"result":"PASS"}
{"mode":"transpose","order":1,"n0":32768,"n1":0,"q_scale":1.0,"gpu_us":20050.406020,"nonfinite":0,"padding_changes":0,"baseline_bit_mismatches":0,"fp64_misses":0,"fp64_max_abs":4.46569391e-08,"result":"PASS"}
{"mode":"pad16","order":2,"n0":32768,"n1":0,"q_scale":1.0,"gpu_us":21522.352737,"nonfinite":0,"padding_changes":0,"baseline_bit_mismatches":0,"fp64_misses":0,"fp64_max_abs":4.46569391e-08,"result":"PASS"}
{"mode":"pad32","order":3,"n0":32768,"n1":0,"q_scale":1.0,"gpu_us":24548.762954,"nonfinite":0,"padding_changes":0,"baseline_bit_mismatches":0,"fp64_misses":0,"fp64_max_abs":4.46569391e-08,"result":"PASS"}
{"mode":"pad32","order":4,"n0":32768,"n1":0,"q_scale":1.0,"gpu_us":21841.408947,"nonfinite":0,"padding_changes":0,"baseline_bit_mismatches":0,"fp64_misses":0,"fp64_max_abs":4.46569391e-08,"result":"PASS"}
{"mode":"pad16","order":5,"n0":32768,"n1":0,"q_scale":1.0,"gpu_us":21799.619547,"nonfinite":0,"padding_changes":0,"baseline_bit_mismatches":0,"fp64_misses":0,"fp64_max_abs":4.46569391e-08,"result":"PASS"}
{"mode":"transpose","order":6,"n0":32768,"n1":0,"q_scale":1.0,"gpu_us":26119.036493,"nonfinite":0,"padding_changes":0,"baseline_bit_mismatches":0,"fp64_misses":0,"fp64_max_abs":4.46569391e-08,"result":"PASS"}
{"mode":"baseline","order":7,"n0":32768,"n1":0,"q_scale":1.0,"gpu_us":11765.815195,"nonfinite":0,"padding_changes":0,"baseline_bit_mismatches":0,"fp64_misses":0,"fp64_max_abs":4.46569391e-08,"result":"PASS"}
{"mode":"baseline","order":0,"n0":257,"n1":16433,"q_scale":1.0,"gpu_us":5899.869826,"nonfinite":0,"padding_changes":0,"baseline_bit_mismatches":0,"fp64_misses":0,"fp64_max_abs":5.82146617e-08,"result":"PASS"}
{"mode":"transpose","order":1,"n0":257,"n1":16433,"q_scale":1.0,"gpu_us":10565.654875,"nonfinite":0,"padding_changes":0,"baseline_bit_mismatches":0,"fp64_misses":0,"fp64_max_abs":5.82146617e-08,"result":"PASS"}
{"mode":"pad16","order":2,"n0":257,"n1":16433,"q_scale":1.0,"gpu_us":8696.814054,"nonfinite":0,"padding_changes":0,"baseline_bit_mismatches":0,"fp64_misses":0,"fp64_max_abs":5.82146617e-08,"result":"PASS"}
{"mode":"pad32","order":3,"n0":257,"n1":16433,"q_scale":1.0,"gpu_us":11866.536566,"nonfinite":0,"padding_changes":0,"baseline_bit_mismatches":0,"fp64_misses":0,"fp64_max_abs":5.82146617e-08,"result":"PASS"}
{"mode":"pad32","order":4,"n0":257,"n1":16433,"q_scale":1.0,"gpu_us":10843.492771,"nonfinite":0,"padding_changes":0,"baseline_bit_mismatches":0,"fp64_misses":0,"fp64_max_abs":5.82146617e-08,"result":"PASS"}
{"mode":"pad16","order":5,"n0":257,"n1":16433,"q_scale":1.0,"gpu_us":9146.468403,"nonfinite":0,"padding_changes":0,"baseline_bit_mismatches":0,"fp64_misses":0,"fp64_max_abs":5.82146617e-08,"result":"PASS"}
{"mode":"transpose","order":6,"n0":257,"n1":16433,"q_scale":1.0,"gpu_us":9833.934598,"nonfinite":0,"padding_changes":0,"baseline_bit_mismatches":0,"fp64_misses":0,"fp64_max_abs":5.82146617e-08,"result":"PASS"}
{"mode":"baseline","order":7,"n0":257,"n1":16433,"q_scale":1.0,"gpu_us":7493.157091,"nonfinite":0,"padding_changes":0,"baseline_bit_mismatches":0,"fp64_misses":0,"fp64_max_abs":5.82146617e-08,"result":"PASS"}
{"mode":"baseline","order":0,"n0":1025,"n1":0,"q_scale":16.0,"gpu_us":276.254888,"nonfinite":0,"padding_changes":0,"baseline_bit_mismatches":0,"fp64_misses":0,"fp64_max_abs":4.59532229e-06,"result":"PASS"}
{"mode":"transpose","order":1,"n0":1025,"n1":0,"q_scale":16.0,"gpu_us":532.782293,"nonfinite":0,"padding_changes":0,"baseline_bit_mismatches":0,"fp64_misses":0,"fp64_max_abs":4.59532229e-06,"result":"PASS"}
{"mode":"pad16","order":2,"n0":1025,"n1":0,"q_scale":16.0,"gpu_us":409.277633,"nonfinite":0,"padding_changes":0,"baseline_bit_mismatches":0,"fp64_misses":0,"fp64_max_abs":4.59532229e-06,"result":"PASS"}
{"mode":"pad32","order":3,"n0":1025,"n1":0,"q_scale":16.0,"gpu_us":420.609163,"nonfinite":0,"padding_changes":0,"baseline_bit_mismatches":0,"fp64_misses":0,"fp64_max_abs":4.59532229e-06,"result":"PASS"}
{"mode":"pad32","order":4,"n0":1025,"n1":0,"q_scale":16.0,"gpu_us":420.478915,"nonfinite":0,"padding_changes":0,"baseline_bit_mismatches":0,"fp64_misses":0,"fp64_max_abs":4.59532229e-06,"result":"PASS"}
{"mode":"pad16","order":5,"n0":1025,"n1":0,"q_scale":16.0,"gpu_us":410.720374,"nonfinite":0,"padding_changes":0,"baseline_bit_mismatches":0,"fp64_misses":0,"fp64_max_abs":4.59532229e-06,"result":"PASS"}
{"mode":"transpose","order":6,"n0":1025,"n1":0,"q_scale":16.0,"gpu_us":534.054711,"nonfinite":0,"padding_changes":0,"baseline_bit_mismatches":0,"fp64_misses":0,"fp64_max_abs":4.59532229e-06,"result":"PASS"}
{"mode":"baseline","order":7,"n0":1025,"n1":0,"q_scale":16.0,"gpu_us":274.381328,"nonfinite":0,"padding_changes":0,"baseline_bit_mismatches":0,"fp64_misses":0,"fp64_max_abs":4.59532229e-06,"result":"PASS"}
{"mode":"baseline","order":0,"n0":257,"n1":0,"q_scale":128.0,"gpu_us":80.242462,"nonfinite":0,"padding_changes":0,"baseline_bit_mismatches":0,"fp64_misses":0,"fp64_max_abs":1.38608608e-07,"result":"PASS"}
{"mode":"transpose","order":1,"n0":257,"n1":0,"q_scale":128.0,"gpu_us":184.380325,"nonfinite":0,"padding_changes":0,"baseline_bit_mismatches":0,"fp64_misses":0,"fp64_max_abs":1.38608608e-07,"result":"PASS"}
{"mode":"pad16","order":2,"n0":257,"n1":0,"q_scale":128.0,"gpu_us":130.077148,"nonfinite":0,"padding_changes":0,"baseline_bit_mismatches":0,"fp64_misses":0,"fp64_max_abs":1.38608608e-07,"result":"PASS"}
{"mode":"pad32","order":3,"n0":257,"n1":0,"q_scale":128.0,"gpu_us":140.356679,"nonfinite":0,"padding_changes":0,"baseline_bit_mismatches":0,"fp64_misses":0,"fp64_max_abs":1.38608608e-07,"result":"PASS"}
{"mode":"pad32","order":4,"n0":257,"n1":0,"q_scale":128.0,"gpu_us":137.761749,"nonfinite":0,"padding_changes":0,"baseline_bit_mismatches":0,"fp64_misses":0,"fp64_max_abs":1.38608608e-07,"result":"PASS"}
{"mode":"pad16","order":5,"n0":257,"n1":0,"q_scale":128.0,"gpu_us":129.846710,"nonfinite":0,"padding_changes":0,"baseline_bit_mismatches":0,"fp64_misses":0,"fp64_max_abs":1.38608608e-07,"result":"PASS"}
{"mode":"transpose","order":6,"n0":257,"n1":0,"q_scale":128.0,"gpu_us":183.328326,"nonfinite":0,"padding_changes":0,"baseline_bit_mismatches":0,"fp64_misses":0,"fp64_max_abs":1.38608608e-07,"result":"PASS"}
{"mode":"baseline","order":7,"n0":257,"n1":0,"q_scale":128.0,"gpu_us":80.512976,"nonfinite":0,"padding_changes":0,"baseline_bit_mismatches":0,"fp64_misses":0,"fp64_max_abs":1.38608608e-07,"result":"PASS"}
{"mode":"baseline","order":0,"n0":127,"n1":0,"q_scale":1.0,"gpu_us":41.338544,"nonfinite":0,"padding_changes":0,"baseline_bit_mismatches":0,"fp64_misses":0,"fp64_max_abs":6.74537132e-08,"result":"PASS"}
{"mode":"transpose","order":1,"n0":127,"n1":0,"q_scale":1.0,"gpu_us":94.429417,"nonfinite":0,"padding_changes":0,"baseline_bit_mismatches":0,"fp64_misses":0,"fp64_max_abs":6.74537132e-08,"result":"PASS"}
{"mode":"pad16","order":2,"n0":127,"n1":0,"q_scale":1.0,"gpu_us":71.646129,"nonfinite":0,"padding_changes":0,"baseline_bit_mismatches":0,"fp64_misses":0,"fp64_max_abs":6.74537132e-08,"result":"PASS"}
{"mode":"pad32","order":3,"n0":127,"n1":0,"q_scale":1.0,"gpu_us":71.085062,"nonfinite":0,"padding_changes":0,"baseline_bit_mismatches":0,"fp64_misses":0,"fp64_max_abs":6.74537132e-08,"result":"PASS"}
{"mode":"pad32","order":4,"n0":127,"n1":0,"q_scale":1.0,"gpu_us":71.555957,"nonfinite":0,"padding_changes":0,"baseline_bit_mismatches":0,"fp64_misses":0,"fp64_max_abs":6.74537132e-08,"result":"PASS"}
{"mode":"pad16","order":5,"n0":127,"n1":0,"q_scale":1.0,"gpu_us":70.914739,"nonfinite":0,"padding_changes":0,"baseline_bit_mismatches":0,"fp64_misses":0,"fp64_max_abs":6.74537132e-08,"result":"PASS"}
{"mode":"transpose","order":6,"n0":127,"n1":0,"q_scale":1.0,"gpu_us":94.259093,"nonfinite":0,"padding_changes":0,"baseline_bit_mismatches":0,"fp64_misses":0,"fp64_max_abs":6.74537132e-08,"result":"PASS"}
{"mode":"baseline","order":7,"n0":127,"n1":0,"q_scale":1.0,"gpu_us":41.358582,"nonfinite":0,"padding_changes":0,"baseline_bit_mismatches":0,"fp64_misses":0,"fp64_max_abs":6.74537132e-08,"result":"PASS"}
