== A. split-K skinny, exact tier, Halo, 512 tokens (correctness must be 1e-5)
[flash profile] batched forward, 512 tokens: 256.393 ms GPU (PLE hits 353, misses 16031)
[flash profile]   qwen4_gemm_skinny_q5k.spv             52.721 ms  20.6% (14 dispatches, 3765.8 us each)
[flash profile]   qwen4_gemm_reduce.spv                  0.343 ms   0.1% (11 dispatches, 31.2 us each)
[flash profile] batched forward, 5 tokens: 28.084 ms GPU (PLE hits 362, misses 16102)
[flash profile]   gemv_q5_k.spv                          4.315 ms  15.4% (11 dispatches, 392.2 us each)
[flash profile]   gemv_q5_k.spv                          1.126 ms  37.5% (20 dispatches, 56.3 us each)
[flash profile] batched forward, 7 tokens: 26.940 ms GPU (PLE hits 365, misses 16227)
[flash profile]   gemv_q5_k.spv                          4.377 ms  16.2% (11 dispatches, 397.9 us each)
== B. default skinny (GEMV), exact tier, Halo, 512 tokens
[flash profile] batched forward, 512 tokens: 241.408 ms GPU (PLE hits 353, misses 16031)
[flash profile]   gemv_q5_k.spv                         45.812 ms  19.0% (11 dispatches, 4164.7 us each)
[flash profile] batched forward, 5 tokens: 29.535 ms GPU (PLE hits 362, misses 16102)
[flash profile]   gemv_q5_k.spv                          4.287 ms  14.5% (11 dispatches, 389.7 us each)
[flash profile]   gemv_q5_k.spv                          1.716 ms  33.9% (20 dispatches, 85.8 us each)
== C. coopmat tier, XTX, 512 tokens (reduced-precision label)
[flash profile] batched forward, 512 tokens: 58.330 ms GPU (PLE hits 353, misses 16031)
[flash profile]   qwen4_moe_gateup_coop.spv             23.951 ms  41.1% (4 dispatches, 5987.7 us each)
[flash profile]   qwen4_moe_down_coop_q8.spv             7.405 ms  12.7% (4 dispatches, 1851.2 us each)
[flash profile]   qwen4_gemm_coop_q5k.spv                7.161 ms  12.3% (13 dispatches, 550.9 us each)
[flash profile]   gemv_q5_k.spv                          5.921 ms  10.2% (11 dispatches, 538.2 us each)
[flash profile]   qwen4_gemm_coop_q6k.spv                4.005 ms   6.9% (5 dispatches, 801.1 us each)
[flash profile]   fa_attn_batch_coopmat.spv              1.059 ms   1.8% (1 dispatches, 1059.1 us each)
[flash profile]   qwen4_gemm_coop_q8_0.spv               0.267 ms   0.5% (4 dispatches, 66.8 us each)
[flash profile] batched forward, 5 tokens: 11.088 ms GPU (PLE hits 362, misses 16102)
[flash profile]   qwen4_gemm_coop_q5k.spv                4.756 ms  42.9% (13 dispatches, 365.9 us each)
== D. exact tier, XTX, 512 tokens
batch check whole            frames=512 worst_frame_relative_rms=2.34e-06 median=1.26e-06 frames>1e-2=0 max_abs=7.38e-07 -> PASS
prefix timing: serial 0.548 s (934.8 tok/s), first batch 0.137 s, warm batch 0.126 s (4067.8 tok/s) for 512 tokens through layers 0:4
== skinny=gemm exact tier Halo 512
batch check whole            frames=512 worst_frame_relative_rms=2.48e-06 median=1.38e-06 frames>1e-2=0 max_abs=5.59e-07 -> PASS
batch check mixed 5+1+7+3    frames=512 worst_frame_relative_rms=1.69e-06 median=9.77e-07 frames>1e-2=0 max_abs=3.95e-07 -> PASS
batch check batch then serial frames=512 worst_frame_relative_rms=2.35e-06 median=7.72e-07 frames>1e-2=0 max_abs=4.32e-07 -> PASS
prefix timing: serial 1.333 s (384.0 tok/s), first batch 0.267 s, warm batch 0.261 s (1962.3 tok/s) for 512 tokens through layers 0:4
[flash profile] batched forward, 512 tokens: 252.878 ms GPU (PLE hits 353, misses 16031)
[flash profile]   qwen4_gemm_q5k.spv                    97.212 ms  38.4% (24 dispatches, 4050.5 us each)
[flash profile] batched forward, 5 tokens: 25.397 ms GPU (PLE hits 362, misses 16102)
== skinny=gemv exact tier Halo 512
batch check whole            frames=512 worst_frame_relative_rms=2.31e-06 median=1.26e-06 frames>1e-2=0 max_abs=7.23e-07 -> PASS
batch check mixed 5+1+7+3    frames=512 worst_frame_relative_rms=1.41e-06 median=7.97e-07 frames>1e-2=0 max_abs=3.58e-07 -> PASS
batch check batch then serial frames=512 worst_frame_relative_rms=2.31e-06 median=7.43e-07 frames>1e-2=0 max_abs=5.1e-07 -> PASS
prefix timing: serial 1.341 s (381.9 tok/s), first batch 0.270 s, warm batch 0.260 s (1971.0 tok/s) for 512 tokens through layers 0:4
[flash profile] batched forward, 512 tokens: 255.990 ms GPU (PLE hits 353, misses 16031)
[flash profile]   gemv_q5_k.spv                         47.565 ms  18.6% (11 dispatches, 4324.1 us each)
[flash profile]   qwen4_gemm_q5k.spv                    40.268 ms  15.7% (13 dispatches, 3097.5 us each)
batch check whole            frames=512 worst_frame_relative_rms=0.11 median=0.00165 frames>1e-2=44 max_abs=0.0153 [coopmat f16 tier] -> FAIL
batch check mixed 5+1+7+3    frames=512 worst_frame_relative_rms=0.1 median=0.00156 frames>1e-2=33 max_abs=0.0138 [coopmat f16 tier] -> FAIL
batch check batch then serial frames=512 worst_frame_relative_rms=0.11 median=0.0017 frames>1e-2=41 max_abs=0.0153 [coopmat f16 tier] -> FAIL
prefix timing: serial 0.551 s (930.0 tok/s), first batch 0.093 s, warm batch 0.090 s (5706.6 tok/s) for 512 tokens through layers 0:4
